Archive member included to satisfy reference by file (symbol)

C:/devkitPro/libogc/lib/wii\libwiikeyboard.a(keyboard.o)
                              main.o (KEYBOARD_Init)
C:/devkitPro/libogc/lib/wii\libwiikeyboard.a(ukbdmap.o)
                              C:/devkitPro/libogc/lib/wii\libwiikeyboard.a(keyboard.o) (ukbd_keydesctab)
C:/devkitPro/libogc/lib/wii\libwiikeyboard.a(wskbdutil.o)
                              C:/devkitPro/libogc/lib/wii\libwiikeyboard.a(keyboard.o) (wskbd_compose_value)
C:/devkitPro/libogc/lib/wii\libwiikeyboard.a(usbkeyboard.o)
                              C:/devkitPro/libogc/lib/wii\libwiikeyboard.a(keyboard.o) (USBKeyboard_Initialize)
C:/devkitPro/portlibs/wii/lib\libgrrlib.a(GRRLIB_core.o)
                              main.o (rmode)
C:/devkitPro/portlibs/wii/lib\libgrrlib.a(GRRLIB_render.o)
                              main.o (GRRLIB_Render)
C:/devkitPro/portlibs/wii/lib\libgrrlib.a(GRRLIB_ttf.o)
                              C:/devkitPro/portlibs/wii/lib\libgrrlib.a(GRRLIB_core.o) (GRRLIB_InitTTF)
C:/devkitPro/portlibs/ppc/lib\libfreetype.a(ftbase.o)
                              C:/devkitPro/portlibs/wii/lib\libgrrlib.a(GRRLIB_ttf.o) (FT_Done_Face)
C:/devkitPro/portlibs/ppc/lib\libfreetype.a(ftinit.o)
                              C:/devkitPro/portlibs/wii/lib\libgrrlib.a(GRRLIB_ttf.o) (FT_Init_FreeType)
C:/devkitPro/portlibs/ppc/lib\libfreetype.a(bdf.o)
                              C:/devkitPro/portlibs/ppc/lib\libfreetype.a(ftinit.o) (bdf_driver_class)
C:/devkitPro/portlibs/ppc/lib\libfreetype.a(cff.o)
                              C:/devkitPro/portlibs/ppc/lib\libfreetype.a(ftinit.o) (cff_driver_class)
C:/devkitPro/portlibs/ppc/lib\libfreetype.a(type1cid.o)
                              C:/devkitPro/portlibs/ppc/lib\libfreetype.a(ftinit.o) (t1cid_driver_class)
C:/devkitPro/portlibs/ppc/lib\libfreetype.a(pcf.o)
                              C:/devkitPro/portlibs/ppc/lib\libfreetype.a(ftinit.o) (pcf_driver_class)
C:/devkitPro/portlibs/ppc/lib\libfreetype.a(pfr.o)
                              C:/devkitPro/portlibs/ppc/lib\libfreetype.a(ftinit.o) (pfr_driver_class)
C:/devkitPro/portlibs/ppc/lib\libfreetype.a(psaux.o)
                              C:/devkitPro/portlibs/ppc/lib\libfreetype.a(ftinit.o) (psaux_module_class)
C:/devkitPro/portlibs/ppc/lib\libfreetype.a(pshinter.o)
                              C:/devkitPro/portlibs/ppc/lib\libfreetype.a(ftinit.o) (pshinter_module_class)
C:/devkitPro/portlibs/ppc/lib\libfreetype.a(psnames.o)
                              C:/devkitPro/portlibs/ppc/lib\libfreetype.a(ftinit.o) (psnames_module_class)
C:/devkitPro/portlibs/ppc/lib\libfreetype.a(raster.o)
                              C:/devkitPro/portlibs/ppc/lib\libfreetype.a(ftinit.o) (ft_raster1_renderer_class)
C:/devkitPro/portlibs/ppc/lib\libfreetype.a(sdf.o)
                              C:/devkitPro/portlibs/ppc/lib\libfreetype.a(ftinit.o) (ft_bitmap_sdf_renderer_class)
C:/devkitPro/portlibs/ppc/lib\libfreetype.a(sfnt.o)
                              C:/devkitPro/portlibs/ppc/lib\libfreetype.a(ftinit.o) (sfnt_module_class)
C:/devkitPro/portlibs/ppc/lib\libfreetype.a(smooth.o)
                              C:/devkitPro/portlibs/ppc/lib\libfreetype.a(ftinit.o) (ft_smooth_renderer_class)
C:/devkitPro/portlibs/ppc/lib\libfreetype.a(svg.o)
                              C:/devkitPro/portlibs/ppc/lib\libfreetype.a(ftinit.o) (ft_svg_renderer_class)
C:/devkitPro/portlibs/ppc/lib\libfreetype.a(truetype.o)
                              C:/devkitPro/portlibs/ppc/lib\libfreetype.a(ftinit.o) (tt_driver_class)
C:/devkitPro/portlibs/ppc/lib\libfreetype.a(type1.o)
                              C:/devkitPro/portlibs/ppc/lib\libfreetype.a(ftinit.o) (t1_driver_class)
C:/devkitPro/portlibs/ppc/lib\libfreetype.a(type42.o)
                              C:/devkitPro/portlibs/ppc/lib\libfreetype.a(ftinit.o) (t42_driver_class)
C:/devkitPro/portlibs/ppc/lib\libfreetype.a(winfnt.o)
                              C:/devkitPro/portlibs/ppc/lib\libfreetype.a(ftinit.o) (winfnt_driver_class)
C:/devkitPro/portlibs/ppc/lib\libfreetype.a(ftsystem.o)
                              C:/devkitPro/portlibs/ppc/lib\libfreetype.a(ftbase.o) (FT_Stream_Open)
C:/devkitPro/portlibs/ppc/lib\libfreetype.a(ftdebug.o)
                              C:/devkitPro/portlibs/ppc/lib\libfreetype.a(smooth.o) (FT_Trace_Disable)
C:/devkitPro/portlibs/ppc/lib\libfreetype.a(autofit.o)
                              C:/devkitPro/portlibs/ppc/lib\libfreetype.a(ftinit.o) (autofit_module_class)
C:/devkitPro/portlibs/ppc/lib\libfreetype.a(ftbitmap.o)
                              C:/devkitPro/portlibs/ppc/lib\libfreetype.a(sdf.o) (FT_Bitmap_Init)
C:/devkitPro/portlibs/ppc/lib\libfreetype.a(ftmm.o)
                              C:/devkitPro/portlibs/ppc/lib\libfreetype.a(cff.o) (FT_Set_Named_Instance)
C:/devkitPro/portlibs/ppc/lib\libfreetype.a(ftgzip.o)
[...]
Memory Configuration

Name             Origin             Length             Attributes
*default*        0x00000000         0xffffffff

Linker script and memory map

                0x00003400                        . = 0x3400

.stub
 *(.stub)
                0x80004000                        . = 0x80004000

.init           0x80004000      0x194
 *crt0.o(*.init)
 .init          0x80004000      0x170 C:/devkitPro/libogc/lib/wii\libogc.a(ogc_crt0.o)
                0x80004000                _start
                0x80004140                _memset
 *(.init)
 .init          0x80004170        0xc C:/devkitPro/devkitPPC/bin/../lib/gcc/powerpc-eabi/15.1.0/ecrti.o
                0x80004170                __init
 .init          0x8000417c        0x4 C:/devkitPro/devkitPPC/bin/../lib/gcc/powerpc-eabi/15.1.0/crtbegin.o
 .init          0x80004180        0x4 C:/devkitPro/devkitPPC/bin/../lib/gcc/powerpc-eabi/15.1.0/crtend.o
 .init          0x80004184       0x10 C:/devkitPro/devkitPPC/bin/../lib/gcc/powerpc-eabi/15.1.0/ecrtn.o

.rela.dyn       0x80004194        0x0
 .rela.iplt     0x80004194        0x0 C:/devkitPro/devkitPPC/bin/../lib/gcc/powerpc-eabi/15.1.0/crtbegin.o

.plt
 *(.plt)

.interp
 *(.interp)

.hash
 *(.hash)

.dynsym
 *(.dynsym)

.dynstr
 *(.dynstr)

.gnu.version
 *(.gnu.version)

.gnu.version_d
 *(.gnu.version_d)

.gnu.version_r
 *(.gnu.version_r)

.rel.init
 *(.rel.init)

.rela.init
 *(.rela.init)

.rel.text
 *(.rel.text .rel.text.* .rel.gnu.linkonce.t.*)

.rela.text      0x80004194        0x0
 *(.rela.text .rela.text.* .rela.gnu.linkonce.t.*)
 .rela.text.__do_global_dtors_aux
                0x80004194        0x0 C:/devkitPro/devkitPPC/bin/../lib/gcc/powerpc-eabi/15.1.0/crtbegin.o
 .rela.text.frame_dummy
                0x80004194        0x0 C:/devkitPro/devkitPPC/bin/../lib/gcc/powerpc-eabi/15.1.0/crtbegin.o
 .rela.text.unlikely.abort
                0x80004194        0x0 C:/devkitPro/devkitPPC/bin/../lib/gcc/powerpc-eabi/15.1.0/crtbegin.o
 .rela.text.__assert_func
                0x80004194        0x0 C:/devkitPro/devkitPPC/bin/../lib/gcc/powerpc-eabi/15.1.0/crtbegin.o

.rel.fini
 *(.rel.fini)

.rela.fini
 *(.rela.fini)

.rel.rodata
 *(.rel.rodata .rel.rodata.* .rel.gnu.linkonce.r.*)

.rela.rodata
 *(.rela.rodata .rela.rodata.* .rela.gnu.linkonce.r.*)

.rel.data
 *(.rel.data .rel.data.* .rel.gnu.linkonce.d.*)

.rela.data
 *(.rela.data .rela.data.* .rela.gnu.linkonce.d.*)

.rel.tdata
 *(.rel.tdata .rel.tdata.* .rel.gnu.linkonce.td.*)

.rela.tdata
 *(.rela.tdata .rela.tdata.* .rela.gnu.linkonce.td.*)

.rel.tbss
 *(.rel.tbss .rel.tbss.* .rel.gnu.linkonce.tb.*)

.rela.tbss
 *(.rela.tbss .rela.tbss.* .rela.gnu.linkonce.tb.*)

.rel.ctors
 *(.rel.ctors)

.rela.ctors
 *(.rela.ctors)

.rel.dtors
 *(.rel.dtors)

.rela.dtors
 *(.rela.dtors)

.rel.got
 *(.rel.got)

.rela.got
 *(.rela.got)

.rela.got1
 *(.rela.got1)

.rela.got2
 *(.rela.got2)

.rel.sdata
 *(.rel.sdata .rel.sdata.* .rel.gnu.linkonce.s.*)

.rela.sdata
 *(.rela.sdata .rela.sdata.* .rela.gnu.linkonce.s.*)

.rel.sbss
 *(.rel.sbss .rel.sbss.* .rel.gnu.linkonce.sb.*)

.rela.sbss
 *(.rela.sbss .rela.sbss.* .rel.gnu.linkonce.sb.*)

.rel.sdata2
 *(.rel.sdata2 .rel.sdata2.* .rel.gnu.linkonce.s2.*)

.rela.sdata2
 *(.rela.sdata2 .rela.sdata2.* .rela.gnu.linkonce.s2.*)

.rel.sbss2
 *(.rel.sbss2 .rel.sbss2.* .rel.gnu.linkonce.sb2.*)

.rela.sbss2
 *(.rela.sbss2 .rela.sbss2.* .rela.gnu.linkonce.sb2.*)

.rel.bss
 *(.rel.bss .rel.bss.* .rel.gnu.linkonce.b.*)

.rela.bss
 *(.rela.bss .rela.bss.* .rela.gnu.linkonce.b.*)

.rel.plt
 *(.rel.plt)

.rela.plt
 *(.rela.plt)

.text           0x800041a0    0xdfc40
 *(.text)
 .text          0x800041a0      0x44c C:/devkitPro/libogc/lib/wii\libogc.a(lwp_handler.o)
                0x800041a0                _cpu_context_save_fp
                0x800042e0                _cpu_context_restore_fp
                0x80004420                _cpu_context_switch
                0x80004500                _cpu_context_save
                0x80004580                _cpu_context_restore
 .text          0x800045ec      0x4f4 C:/devkitPro/libogc/lib/wii\libogc.a(cache_asm.o)
                0x800045ec                DCFlashInvalidate
                0x80004600                DCEnable
                0x80004614                DCDisable
                0x80004628                DCFreeze
                0x8000463c                DCUnfreeze
                0x80004650                DCTouchLoad
                0x80004658                DCBlockZero
                0x80004660                DCBlockStore
                0x80004668                DCBlockFlush
                0x80004670                DCBlockInvalidate
                0x80004678                DCInvalidateRange
                0x800046a8                DCFlushRange
                0x800046dc                DCStoreRange
                0x80004710                DCFlushRangeNoSync
                0x80004740                DCStoreRangeNoSync
                0x80004770                DCZeroRange
                0x800047a0                DCTouchRange
                0x800047d0                ICInvalidateRange
                0x80004808                ICFlashInvalidate
                0x8000481c                ICEnable
                0x80004830                ICDisable
                0x80004844                ICFreeze
                0x80004858                ICUnfreeze
                0x8000486c                ICBlockInvalidate
                0x80004874                ICSync
                0x8000487c                L2Init
                0x800048c4                L2Enable
                0x800048e0                L2Disable
                0x800048f8                L2GlobalInvalidate
                0x80004950                __LCEnable
                0x80004a1c                LCDisable
                0x80004a44                LCAllocOneTag
                0x80004a58                LCAllocTags
                0x80004a98                LCLoadBlocks
                0x80004abc                LCStoreBlocks
 .text          0x80004ae0      0x46c C:/devkitPro/libogc/lib/wii\libogc.a(system_asm.o)
                0x80004ae0                __realmode
                0x80004af8                __configBATS
                0x80004c28                __InitFPRS
                0x80004d54                __InitPS
                0x80004db0                __InitCache
                0x80004e08                __InitSystem
                0x80004e90                __reset
                0x80004f00                __InitBATS
                0x80004f1c                SYS_SwitchFiber
 .text          0x80004f4c      0x8dc C:/devkitPro/libogc/lib/wii\libogc.a(gu_psasm.o)
                0x80004f4c                ps_guMtxConcat
                0x80005010                ps_guMtxIdentity
                0x8000503c                ps_guMtxCopy
                0x80005070                ps_guMtxTranspose
                0x800050c0                ps_guMtxInverse
                0x800051b8                ps_guMtxInvXpose
                0x80005280                ps_guMtxScale
                0x800052a8                ps_guMtxScaleApply
                0x80005300                ps_guMtxApplyScale
                0x80005364                ps_guMtxTrans
                0x80005398                ps_guMtxTransApply
                0x800053e4                ps_guMtxApplyTrans
                0x80005460                ps_guMtxRotTrig
                0x80005510                __ps_guMtxRotAxisRadInternal
                0x800055d0                ps_guMtxReflect
                0x80005640                ps_guVecAdd
                0x80005664                ps_guVecSub
                0x80005688                ps_guVecScale
                0x800056a4                ps_guVecNormalize
                0x800056e8                ps_guVecCross
                0x80005724                ps_guVecDotProduct
                0x80005744                ps_guVecMultiply
                0x80005798                ps_guVecMultiplySR
                0x80005808                ps_guQuatDotProduct
 .text          0x80005828      0x1ac C:/devkitPro/libogc/lib/wii\libogc.a(irq_handler.o)
                0x80005828                irq_exceptionhandler
 .text          0x800059d4      0x1ac C:/devkitPro/libogc/lib/wii\libogc.a(decrementer_handler.o)
                0x800059d4                dec_exceptionhandler
 .text          0x80005b80      0x35c C:/devkitPro/libogc/lib/wii\libogc.a(exception_handler.o)
                0x80005b80                exceptionhandler_start
                0x80005bfc                exceptionhandler_patch
                0x80005c30                exceptionhandler_end
                0x80005c34                default_exceptionhandler
                0x80005d64                fpu_exceptionhandler
                0x80005eac                systemcallhandler_start
                0x80005ed8                systemcallhandler_end
 .text          0x80005edc       0x48 C:/devkitPro/devkitPPC/bin/../lib/gcc/powerpc-eabi/15.1.0\libgcc.a(eabi.o)
                0x80005edc                __eabi
 .text          0x80005f24      0x180 C:/devkitPro/devkitPPC/bin/../lib/gcc/powerpc-eabi/15.1.0/../../../../powerpc-eabi/lib\libc.a(libc_a-setjmp.o)
                0x80005f24                setjmp
                0x80005fe0                longjmp
 .text          0x800060a4       0x58 C:/devkitPro/devkitPPC/bin/../lib/gcc/powerpc-eabi/15.1.0\libgcc.a(crtresxgpr.o)
                0x800060a4                _restgpr_14_x
                0x800060a8                _restgpr_15_x
                0x800060ac                _restgpr_16_x
                0x800060b0                _restgpr_17_x
                0x800060b4                _restgpr_18_x
                0x800060b8                _restgpr_19_x
                0x800060bc                _restgpr_20_x
                0x800060c0                _restgpr_21_x
                0x800060c4                _restgpr_22_x
                0x800060c8                _restgpr_23_x
                0x800060cc                _restgpr_24_x
                0x800060d0                _restgpr_25_x
                0x800060d4                _restgpr_26_x
                0x800060d8                _restgpr_27_x
                0x800060dc                _restgpr_28_x
                0x800060e0                _restgpr_29_x
                0x800060e4                _restgpr_30_x
                0x800060e8                _restgpr_31_x
 *(.text.*)
 .text.__do_global_dtors_aux
                0x800060fc       0xcc C:/devkitPro/devkitPPC/bin/../lib/gcc/powerpc-eabi/15.1.0/crtbegin.o
 .text.frame_dummy
                0x800061c8       0x24 C:/devkitPro/devkitPPC/bin/../lib/gcc/powerpc-eabi/15.1.0/crtbegin.o
 .text.__crtmain
                0x800061ec       0x40 C:/devkitPro/devkitPPC/bin/../lib/gcc/powerpc-eabi/15.1.0/../../../../powerpc-eabi/lib/crtmain.o
                0x800061f0                __crtmain
 .text.inet_ntoa
                0x8000622c       0x5c main.o
                0x8000622c                inet_ntoa
 .text.http_post
                0x80006288      0x1a0 main.o
                0x80006288                http_post
 .text.append_message
                0x80006428      0x140 main.o
                0x80006428                append_message
 .text.startup.main
                0x80006568     0x1518 main.o
                0x80006568                main
 .text._keyboardRead
                0x80007a80       0xc0 C:/devkitPro/libogc/lib/wii\libwiikeyboard.a(keyboard.o)
 .text._kbd_thread_func
                0x80007b40      0x180 C:/devkitPro/libogc/lib/wii\libwiikeyboard.a(keyboard.o)
 .text._kbd_buf_thread_func
                0x80007cc0       0xe8 C:/devkitPro/libogc/lib/wii\libwiikeyboard.a(keyboard.o)
 .text._kbd_event_cb
                0x80007da8      0x740 C:/devkitPro/libogc/lib/wii\libwiikeyboard.a(keyboard.o)
 .text.KEYBOARD_Init
                0x800084e8      0x54c C:/devkitPro/libogc/lib/wii\libwiikeyboard.a(keyboard.o)
                0x800084e8                KEYBOARD_Init
 .text.wskbd_compose_value
                0x80008a34      0x170 C:/devkitPro/libogc/lib/wii\libwiikeyboard.a(wskbdutil.o)
                0x80008a34                wskbd_compose_value
 .text.ksym_upcase
                0x80008ba4       0x4c C:/devkitPro/libogc/lib/wii\libwiikeyboard.a(wskbdutil.o)
                0x80008ba4                ksym_upcase
 .text.fillmapentry
                0x80008bf0      0x110 C:/devkitPro/libogc/lib/wii\libwiikeyboard.a(wskbdutil.o)
                0x80008bf0                fillmapentry
 .text.wskbd_get_mapentry
                0x80008d00      0x210 C:/devkitPro/libogc/lib/wii\libwiikeyboard.a(wskbdutil.o)
                0x80008d00                wskbd_get_mapentry
 .text.wskbd_init_keymap
                0x80008f10       0xd4 C:/devkitPro/libogc/lib/wii\libwiikeyboard.a(wskbdutil.o)
                0x80008f10                wskbd_init_keymap
 .text.wskbd_load_keymap
                0x80008fe4      0x398 C:/devkitPro/libogc/lib/wii\libwiikeyboard.a(wskbdutil.o)
                0x80008fe4                wskbd_load_keymap
 .text._get_protocol
                0x8000937c       0x98 C:/devkitPro/libogc/lib/wii\libwiikeyboard.a(usbkeyboard.o)
 .text._set_output_report
                0x80009414       0xa4 C:/devkitPro/libogc/lib/wii\libwiikeyboard.a(usbkeyboard.o)
 .text._disconnect
                0x800094b8       0x5c C:/devkitPro/libogc/lib/wii\libwiikeyboard.a(usbkeyboard.o)
 .text.USBKeyboard_Initialize
                0x80009514       0x50 C:/devkitPro/libogc/lib/wii\libwiikeyboard.a(usbkeyboard.o)
                0x80009514                USBKeyboard_Initialize
 .text.USBKeyboard_Deinitialize
                0x80009564        0x8 C:/devkitPro/libogc/lib/wii\libwiikeyboard.a(usbkeyboard.o)
                0x80009564                USBKeyboard_Deinitialize
 .text.USBKeyboard_Close
                0x8000956c       0x78 C:/devkitPro/libogc/lib/wii\libwiikeyboard.a(usbkeyboard.o)
                0x8000956c                USBKeyboard_Close
 .text.USBKeyboard_Open
                0x800095e4      0x498 C:/devkitPro/libogc/lib/wii\libwiikeyboard.a(usbkeyboard.o)
                0x800095e4                USBKeyboard_Open
 .text.USBKeyboard_IsConnected
                0x80009a7c       0x24 C:/devkitPro/libogc/lib/wii\libwiikeyboard.a(usbkeyboard.o)
                0x80009a7c                USBKeyboard_IsConnected
 .text.USBKeyboard_Scan
                0x80009aa0      0x290 C:/devkitPro/libogc/lib/wii\libwiikeyboard.a(usbkeyboard.o)
                0x80009aa0                USBKeyboard_Scan
 .text.USBKeyboard_SetLed
                0x80009d30       0x5c C:/devkitPro/libogc/lib/wii\libwiikeyboard.a(usbkeyboard.o)
                0x80009d30                USBKeyboard_SetLed
 .text.GRRLIB_FillScreen
                0x80009d8c      0x10c C:/devkitPro/portlibs/wii/lib\libgrrlib.a(GRRLIB_core.o)
                0x80009d8c                GRRLIB_FillScreen
 .text.GRRLIB_Exit
                0x80009e98       0xf8 C:/devkitPro/portlibs/wii/lib\libgrrlib.a(GRRLIB_core.o)
                0x80009e98                GRRLIB_Exit
 .text.GRRLIB_Init
                0x80009f90      0x578 C:/devkitPro/portlibs/wii/lib\libgrrlib.a(GRRLIB_core.o)
                0x80009f90                GRRLIB_Init
 .text.GRRLIB_Render
                0x8000a508       0xbc C:/devkitPro/portlibs/wii/lib\libgrrlib.a(GRRLIB_render.o)
                0x8000a508                GRRLIB_Render
 .text.GRRLIB_PrintfTTFW.part.0
                0x8000a5c4      0x330 C:/devkitPro/portlibs/wii/lib\libgrrlib.a(GRRLIB_ttf.o)
 .text.GRRLIB_InitTTF
                0x8000a8f4       0x30 C:/devkitPro/portlibs/wii/lib\libgrrlib.a(GRRLIB_ttf.o)
                0x8000a8f4                GRRLIB_InitTTF
 .text.GRRLIB_ExitTTF
                0x8000a924        0xc C:/devkitPro/portlibs/wii/lib\libgrrlib.a(GRRLIB_ttf.o)
                0x8000a924                GRRLIB_ExitTTF
 .text.GRRLIB_LoadTTF
                0x8000a930       0x74 C:/devkitPro/portlibs/wii/lib\libgrrlib.a(GRRLIB_ttf.o)
                0x8000a930                GRRLIB_LoadTTF
 .text.GRRLIB_FreeTTF
                0x8000a9a4       0x38 C:/devkitPro/portlibs/wii/lib\libgrrlib.a(GRRLIB_ttf.o)
                0x8000a9a4                GRRLIB_FreeTTF
 .text.GRRLIB_PrintfTTF
                0x8000a9dc      0x12c C:/devkitPro/portlibs/wii/lib\libgrrlib.a(GRRLIB_ttf.o)
                0x8000a9dc                GRRLIB_PrintfTTF
 .text.FT_GlyphLoader_Adjust_Points
                0x8000ab08       0x80 C:/devkitPro/portlibs/ppc/lib\libfreetype.a(ftbase.o)
 .text.hash_str_lookup
                0x8000ab88       0x48 C:/devkitPro/portlibs/ppc/lib\libfreetype.a(ftbase.o)
 .text.hash_num_lookup
                0x8000abd0       0x3c C:/devkitPro/portlibs/ppc/lib\libfreetype.a(ftbase.o)
 .text.hash_num_compare
                0x8000ac0c       0x18 C:/devkitPro/portlibs/ppc/lib\libfreetype.a(ftbase.o)
 .text.hash_bucket
                0x8000ac24       0xc0 C:/devkitPro/portlibs/ppc/lib\libfreetype.a(ftbase.o)
 .text.destroy_size
                0x8000ace4       0xa8 C:/devkitPro/portlibs/ppc/lib\libfreetype.a(ftbase.o)
 .text.find_unicode_charmap
                0x8000ad8c      0x124 C:/devkitPro/portlibs/ppc/lib\libfreetype.a(ftbase.o)
 .text.memory_stream_close
                0x8000aeb0       0x68 C:/devkitPro/portlibs/ppc/lib\libfreetype.a(ftbase.o)
 .text.ft_raccess_sort_ref_by_id
                0x8000af18       0x10 C:/devkitPro/portlibs/ppc/lib\libfreetype.a(ftbase.o)
 .text.ft_trig_pseudo_polarize
                0x8000af28      0x108 C:/devkitPro/portlibs/ppc/lib\libfreetype.a(ftbase.o)
 .text.hash_str_compare
                0x8000b030       0x50 C:/devkitPro/portlibs/ppc/lib\libfreetype.a(ftbase.o)
 .text.ft_property_do
                0x8000b080      0x1d4 C:/devkitPro/portlibs/ppc/lib\libfreetype.a(ftbase.o)
 .text.ft_recompute_scaled_metrics.isra.0
                0x8000b254       0xfc C:/devkitPro/portlibs/ppc/lib\libfreetype.a(ftbase.o)
 .text.destroy_charmaps.part.0
                0x8000b350       0xf0 C:/devkitPro/portlibs/ppc/lib\libfreetype.a(ftbase.o)
 .text.raccess_guess_darwin_hfsplus
                0x8000b440       0xdc C:/devkitPro/portlibs/ppc/lib\libfreetype.a(ftbase.o)
 .text.raccess_guess_darwin_newvfs
                0x8000b51c       0xf4 C:/devkitPro/portlibs/ppc/lib\libfreetype.a(ftbase.o)
 .text.raccess_make_file_name
                0x8000b610      0x110 C:/devkitPro/portlibs/ppc/lib\libfreetype.a(ftbase.o)
 .text.raccess_guess_linux_cap
                0x8000b720       0x7c C:/devkitPro/portlibs/ppc/lib\libfreetype.a(ftbase.o)
 .text.raccess_guess_vfat
                0x8000b79c       0x7c C:/devkitPro/portlibs/ppc/lib\libfreetype.a(ftbase.o)
 .text.hash_insert
                0x8000b818      0x1d4 C:/devkitPro/portlibs/ppc/lib\libfreetype.a(ftbase.o)
 .text.FT_RoundFix
                0x8000b9ec       0x18 C:/devkitPro/portlibs/ppc/lib\libfreetype.a(ftbase.o)
                0x8000b9ec                FT_RoundFix
 .text.FT_MulDiv
                0x8000ba04      0x260 C:/devkitPro/portlibs/ppc/lib\libfreetype.a(ftbase.o)
                0x8000ba04                FT_MulDiv
 .text.FT_MulDiv_No_Round
                0x8000bc64      0x1cc C:/devkitPro/portlibs/ppc/lib\libfreetype.a(ftbase.o)
                0x8000bc64                FT_MulDiv_No_Round
 .text.FT_MulFix
                0x8000be30       0x38 C:/devkitPro/portlibs/ppc/lib\libfreetype.a(ftbase.o)
                0x8000be30                FT_MulFix
 .text.FT_DivFix
                0x8000be68      0x13c C:/devkitPro/portlibs/ppc/lib\libfreetype.a(ftbase.o)
                0x8000be68                FT_DivFix
 .text.FT_Matrix_Multiply
                0x8000bfa4      0x228 C:/devkitPro/portlibs/ppc/lib\libfreetype.a(ftbase.o)
                0x8000bfa4                FT_Matrix_Multiply
 .text.FT_Matrix_Invert
                0x8000c1cc      0x5e8 C:/devkitPro/portlibs/ppc/lib\libfreetype.a(ftbase.o)
                0x8000c1cc                FT_Matrix_Invert
 .text.FT_Matrix_Multiply_Scaled
                0x8000c7b4      0x1a8 C:/devkitPro/portlibs/ppc/lib\libfreetype.a(ftbase.o)
                0x8000c7b4                FT_Matrix_Multiply_Scaled
 .text.FT_Matrix_Check
                0x8000c95c       0xd8 C:/devkitPro/portlibs/ppc/lib\libfreetype.a(ftbase.o)
                0x8000c95c                FT_Matrix_Check
 .text.FT_Vector_Transform_Scaled
                0x8000ca34       0xe8 C:/devkitPro/portlibs/ppc/lib\libfreetype.a(ftbase.o)
                0x8000ca34                FT_Vector_Transform_Scaled
 .text.FT_Vector_NormLen
                0x8000cb1c      0x27c C:/devkitPro/portlibs/ppc/lib\libfreetype.a(ftbase.o)
                0x8000cb1c                FT_Vector_NormLen
 .text.FT_SqrtFixed
                0x8000cd98       0x94 C:/devkitPro/portlibs/ppc/lib\libfreetype.a(ftbase.o)
                0x8000cd98                FT_SqrtFixed
 .text.ft_corner_orientation
                0x8000ce2c       0x34 C:/devkitPro/portlibs/ppc/lib\libfreetype.a(ftbase.o)
                0x8000ce2c                ft_corner_orientation
 .text.ft_corner_is_flat
                0x8000ce60      0x138 C:/devkitPro/portlibs/ppc/lib\libfreetype.a(ftbase.o)
                0x8000ce60                ft_corner_is_flat
 .text.FT_MulAddFix
                0x8000cf98       0x60 C:/devkitPro/portlibs/ppc/lib\libfreetype.a(ftbase.o)
                0x8000cf98                FT_MulAddFix
 .text.FT_GlyphLoader_Rewind
                0x8000cff8       0x40 C:/devkitPro/portlibs/ppc/lib\libfreetype.a(ftbase.o)
                0x8000cff8                FT_GlyphLoader_Rewind
 .text.FT_GlyphLoader_Reset
                0x8000d038      0x114 C:/devkitPro/portlibs/ppc/lib\libfreetype.a(ftbase.o)
                0x8000d038                FT_GlyphLoader_Reset
 .text.FT_GlyphLoader_Done
                0x8000d14c       0x4c C:/devkitPro/portlibs/ppc/lib\libfreetype.a(ftbase.o)
                0x8000d14c                FT_GlyphLoader_Done
 .text.FT_GlyphLoader_CreateExtra
                0x8000d198      0x10c C:/devkitPro/portlibs/ppc/lib\libfreetype.a(ftbase.o)
                0x8000d198                FT_GlyphLoader_CreateExtra
 .text.FT_GlyphLoader_Prepare
                0x8000d2a4       0xa8 C:/devkitPro/portlibs/ppc/lib\libfreetype.a(ftbase.o)
                0x8000d2a4                FT_GlyphLoader_Prepare
 .text.FT_GlyphLoader_Add
                0x8000d34c       0xcc C:/devkitPro/portlibs/ppc/lib\libfreetype.a(ftbase.o)
                0x8000d34c                FT_GlyphLoader_Add
 .text.ft_hash_str_init
                0x8000d418       0xb0 C:/devkitPro/portlibs/ppc/lib\libfreetype.a(ftbase.o)
                0x8000d418                ft_hash_str_init
 .text.ft_hash_num_init
                0x8000d4c8       0xb0 C:/devkitPro/portlibs/ppc/lib\libfreetype.a(ftbase.o)
                0x8000d4c8                ft_hash_num_init
 .text.ft_hash_str_free
                0x8000d578       0xb4 C:/devkitPro/portlibs/ppc/lib\libfreetype.a(ftbase.o)
                0x8000d578                ft_hash_str_free
 .text.ft_hash_str_insert
                0x8000d62c       0x2c C:/devkitPro/portlibs/ppc/lib\libfreetype.a(ftbase.o)
                0x8000d62c                ft_hash_str_insert
 .text.ft_hash_num_insert
                0x8000d658       0x2c C:/devkitPro/portlibs/ppc/lib\libfreetype.a(ftbase.o)
                0x8000d658                ft_hash_num_insert
 .text.ft_hash_str_lookup
                0x8000d684       0x3c C:/devkitPro/portlibs/ppc/lib\libfreetype.a(ftbase.o)
                0x8000d684                ft_hash_str_lookup
 .text.ft_hash_num_lookup
                0x8000d6c0       0x3c C:/devkitPro/portlibs/ppc/lib\libfreetype.a(ftbase.o)
                0x8000d6c0                ft_hash_num_lookup
 .text.ft_lcd_padding
                0x8000d6fc      0x294 C:/devkitPro/portlibs/ppc/lib\libfreetype.a(ftbase.o)
                0x8000d6fc                ft_lcd_padding
 .text.ft_service_list_lookup
                0x8000d990       0xb4 C:/devkitPro/portlibs/ppc/lib\libfreetype.a(ftbase.o)
                0x8000d990                ft_service_list_lookup
 .text.ft_validator_init
                0x8000da44       0x18 C:/devkitPro/portlibs/ppc/lib\libfreetype.a(ftbase.o)
                0x8000da44                ft_validator_init
 .text.ft_validator_error
                0x8000da5c       0x18 C:/devkitPro/portlibs/ppc/lib\libfreetype.a(ftbase.o)
                0x8000da5c                ft_validator_error
 .text.FT_Stream_New
                0x8000da74      0x208 C:/devkitPro/portlibs/ppc/lib\libfreetype.a(ftbase.o)
                0x8000da74                FT_Stream_New
 .text.FT_Stream_Free
                0x8000dc7c       0x98 C:/devkitPro/portlibs/ppc/lib\libfreetype.a(ftbase.o)
                0x8000dc7c                FT_Stream_Free
 .text.ft_glyphslot_free_bitmap
                0x8000dd14       0x98 C:/devkitPro/portlibs/ppc/lib\libfreetype.a(ftbase.o)
                0x8000dd14                ft_glyphslot_free_bitmap
 .text.ft_glyphslot_done
                0x8000ddac      0x194 C:/devkitPro/portlibs/ppc/lib\libfreetype.a(ftbase.o)
 .text.ft_glyphslot_preset_bitmap
                0x8000df40      0x4b4 C:/devkitPro/portlibs/ppc/lib\libfreetype.a(ftbase.o)
                0x8000df40                ft_glyphslot_preset_bitmap
 .text.ft_glyphslot_set_bitmap
                0x8000e3f4       0x90 C:/devkitPro/portlibs/ppc/lib\libfreetype.a(ftbase.o)
                0x8000e3f4                ft_glyphslot_set_bitmap
 .text.FT_Done_GlyphSlot
                0x8000e484       0xb8 C:/devkitPro/portlibs/ppc/lib\libfreetype.a(ftbase.o)
                0x8000e484                FT_Done_GlyphSlot
 .text.destroy_face
                0x8000e53c      0x1a8 C:/devkitPro/portlibs/ppc/lib\libfreetype.a(ftbase.o)
 .text.FT_Done_Face
                0x8000e6e4       0xe4 C:/devkitPro/portlibs/ppc/lib\libfreetype.a(ftbase.o)
                0x8000e6e4                FT_Done_Face
 .text.FT_Done_Size
                0x8000e7c8      0x12c C:/devkitPro/portlibs/ppc/lib\libfreetype.a(ftbase.o)
                0x8000e7c8                FT_Done_Size
 .text.FT_Match_Size
                0x8000e8f4      0x168 C:/devkitPro/portlibs/ppc/lib\libfreetype.a(ftbase.o)
                0x8000e8f4                FT_Match_Size
 .text.ft_synthesize_vertical_metrics
                0x8000ea5c       0x7c C:/devkitPro/portlibs/ppc/lib\libfreetype.a(ftbase.o)
                0x8000ea5c                ft_synthesize_vertical_metrics
 .text.FT_Select_Metrics
                0x8000ead8      0x22c C:/devkitPro/portlibs/ppc/lib\libfreetype.a(ftbase.o)
                0x8000ead8                FT_Select_Metrics
 .text.FT_Request_Metrics
                0x8000ed04      0x694 C:/devkitPro/portlibs/ppc/lib\libfreetype.a(ftbase.o)
                0x8000ed04                FT_Request_Metrics
 .text.FT_Select_Size
                0x8000f398       0x7c C:/devkitPro/portlibs/ppc/lib\libfreetype.a(ftbase.o)
                0x8000f398                FT_Select_Size
 .text.FT_Request_Size
                0x8000f414       0xe8 C:/devkitPro/portlibs/ppc/lib\libfreetype.a(ftbase.o)
                0x8000f414                FT_Request_Size
 .text.FT_Set_Pixel_Sizes
                0x8000f4fc       0xa0 C:/devkitPro/portlibs/ppc/lib\libfreetype.a(ftbase.o)
                0x8000f4fc                FT_Set_Pixel_Sizes
 .text.FT_Get_Kerning
                0x8000f59c      0x308 C:/devkitPro/portlibs/ppc/lib\libfreetype.a(ftbase.o)
                0x8000f59c                FT_Get_Kerning
 .text.FT_Select_Charmap
                0x8000f8a4       0xf8 C:/devkitPro/portlibs/ppc/lib\libfreetype.a(ftbase.o)
                0x8000f8a4                FT_Select_Charmap
 .text.FT_Get_Char_Index
                0x8000f99c       0x60 C:/devkitPro/portlibs/ppc/lib\libfreetype.a(ftbase.o)
                0x8000f99c                FT_Get_Char_Index
 .text.FT_Get_Next_Char
                0x8000f9fc       0xcc C:/devkitPro/portlibs/ppc/lib\libfreetype.a(ftbase.o)
                0x8000f9fc                FT_Get_Next_Char
 .text.FT_Get_Glyph_Name
                0x8000fac8      0x130 C:/devkitPro/portlibs/ppc/lib\libfreetype.a(ftbase.o)
                0x8000fac8                FT_Get_Glyph_Name
 .text.FT_Activate_Size
                0x8000fbf8       0x3c C:/devkitPro/portlibs/ppc/lib\libfreetype.a(ftbase.o)
                0x8000fbf8                FT_Activate_Size
 .text.FT_Get_Module
                0x8000fc34       0xd4 C:/devkitPro/portlibs/ppc/lib\libfreetype.a(ftbase.o)
                0x8000fc34                FT_Get_Module
 .text.FT_Get_Module_Interface
                0x8000fd08       0x30 C:/devkitPro/portlibs/ppc/lib\libfreetype.a(ftbase.o)
                0x8000fd08                FT_Get_Module_Interface
 .text.ft_module_get_service
                0x8000fd38      0x144 C:/devkitPro/portlibs/ppc/lib\libfreetype.a(ftbase.o)
                0x8000fd38                ft_module_get_service
 .text.FT_Remove_Module
                0x8000fe7c      0x354 C:/devkitPro/portlibs/ppc/lib\libfreetype.a(ftbase.o)
                0x8000fe7c                FT_Remove_Module
 .text.ft_property_string_set
                0x800101d0        0xc C:/devkitPro/portlibs/ppc/lib\libfreetype.a(ftbase.o)
                0x800101d0                ft_property_string_set
 .text.FT_New_Library
                0x800101dc       0xdc C:/devkitPro/portlibs/ppc/lib\libfreetype.a(ftbase.o)
                0x800101dc                FT_New_Library
 .text.FT_Done_Library
                0x800102b8      0x1b8 C:/devkitPro/portlibs/ppc/lib\libfreetype.a(ftbase.o)
                0x800102b8                FT_Done_Library
 .text.FT_Outline_Decompose
                0x80010470      0x49c C:/devkitPro/portlibs/ppc/lib\libfreetype.a(ftbase.o)
                0x80010470                FT_Outline_Decompose
 .text.FT_Outline_Check
                0x8001090c       0xd8 C:/devkitPro/portlibs/ppc/lib\libfreetype.a(ftbase.o)
                0x8001090c                FT_Outline_Check
 .text.FT_Outline_Get_CBox
                0x800109e4       0xf8 C:/devkitPro/portlibs/ppc/lib\libfreetype.a(ftbase.o)
                0x800109e4                FT_Outline_Get_CBox
 .text.FT_Outline_Translate
                0x80010adc       0x94 C:/devkitPro/portlibs/ppc/lib\libfreetype.a(ftbase.o)
                0x80010adc                FT_Outline_Translate
 .text.FT_Vector_Transform
                0x80010b70       0xf4 C:/devkitPro/portlibs/ppc/lib\libfreetype.a(ftbase.o)
                0x80010b70                FT_Vector_Transform
 .text.FT_Outline_Transform
                0x80010c64      0x160 C:/devkitPro/portlibs/ppc/lib\libfreetype.a(ftbase.o)
                0x80010c64                FT_Outline_Transform
 .text.FT_Outline_Get_Orientation
                0x80010dc4      0x234 C:/devkitPro/portlibs/ppc/lib\libfreetype.a(ftbase.o)
                0x80010dc4                FT_Outline_Get_Orientation
 .text.FT_Outline_EmboldenXY
                0x80010ff8      0x63c C:/devkitPro/portlibs/ppc/lib\libfreetype.a(ftbase.o)
                0x80010ff8                FT_Outline_EmboldenXY
 .text.ps_property_set
                0x80011634      0x2cc C:/devkitPro/portlibs/ppc/lib\libfreetype.a(ftbase.o)
                0x80011634                ps_property_set
 .text.ps_property_get
                0x80011900       0xe8 C:/devkitPro/portlibs/ppc/lib\libfreetype.a(ftbase.o)
                0x80011900                ps_property_get
 .text.FT_Raccess_Guess
                0x800119e8      0x180 C:/devkitPro/portlibs/ppc/lib\libfreetype.a(ftbase.o)
                0x800119e8                FT_Raccess_Guess
 .text.FT_Stream_OpenMemory
                0x80011b68       0x20 C:/devkitPro/portlibs/ppc/lib\libfreetype.a(ftbase.o)
                0x80011b68                FT_Stream_OpenMemory
 .text.FT_Stream_Close
                0x80011b88       0x1c C:/devkitPro/portlibs/ppc/lib\libfreetype.a(ftbase.o)
                0x80011b88                FT_Stream_Close
 .text.FT_Stream_Seek
                0x80011ba4       0x80 C:/devkitPro/portlibs/ppc/lib\libfreetype.a(ftbase.o)
                0x80011ba4                FT_Stream_Seek
 .text.FT_Stream_Skip
                0x80011c24       0x9c C:/devkitPro/portlibs/ppc/lib\libfreetype.a(ftbase.o)
                0x80011c24                FT_Stream_Skip
 .text.FT_Stream_Pos
                0x80011cc0        0x8 C:/devkitPro/portlibs/ppc/lib\libfreetype.a(ftbase.o)
                0x80011cc0                FT_Stream_Pos
 .text.FT_Stream_Read
                0x80011cc8       0xe8 C:/devkitPro/portlibs/ppc/lib\libfreetype.a(ftbase.o)
                0x80011cc8                FT_Stream_Read
 .text.FT_Stream_ReadAt
                0x80011db0      0x100 C:/devkitPro/portlibs/ppc/lib\libfreetype.a(ftbase.o)
                0x80011db0                FT_Stream_ReadAt
 .text.FT_Stream_TryRead
                0x80011eb0       0xd4 C:/devkitPro/portlibs/ppc/lib\libfreetype.a(ftbase.o)
                0x80011eb0                FT_Stream_TryRead
 .text.FT_Stream_ReleaseFrame
                0x80011f84       0x6c C:/devkitPro/portlibs/ppc/lib\libfreetype.a(ftbase.o)
                0x80011f84                FT_Stream_ReleaseFrame
 .text.FT_Stream_EnterFrame
                0x80011ff0      0x1d4 C:/devkitPro/portlibs/ppc/lib\libfreetype.a(ftbase.o)
                0x80011ff0                FT_Stream_EnterFrame
 .text.FT_Stream_ExtractFrame
                0x800121c4       0x50 C:/devkitPro/portlibs/ppc/lib\libfreetype.a(ftbase.o)
                0x800121c4                FT_Stream_ExtractFrame
 .text.FT_Stream_ExitFrame
                0x80012214       0x7c C:/devkitPro/portlibs/ppc/lib\libfreetype.a(ftbase.o)
                0x80012214                FT_Stream_ExitFrame
 .text.FT_Stream_GetByte
                0x80012290       0x30 C:/devkitPro/portlibs/ppc/lib\libfreetype.a(ftbase.o)
                0x80012290                FT_Stream_GetByte
 .text.FT_Stream_GetUShort
                0x800122c0       0x38 C:/devkitPro/portlibs/ppc/lib\libfreetype.a(ftbase.o)
                0x800122c0                FT_Stream_GetUShort
 .text.FT_Stream_GetUShortLE
                0x800122f8       0x38 C:/devkitPro/portlibs/ppc/lib\libfreetype.a(ftbase.o)
                0x800122f8                FT_Stream_GetUShortLE
 .text.FT_Stream_GetULong
                0x80012330       0x2c C:/devkitPro/portlibs/ppc/lib\libfreetype.a(ftbase.o)
                0x80012330                FT_Stream_GetULong
 .text.FT_Stream_GetULongLE
                0x8001235c       0x2c C:/devkitPro/portlibs/ppc/lib\libfreetype.a(ftbase.o)
                0x8001235c                FT_Stream_GetULongLE
 .text.FT_Stream_ReadByte
                0x80012388       0xc4 C:/devkitPro/portlibs/ppc/lib\libfreetype.a(ftbase.o)
                0x80012388                FT_Stream_ReadByte
 .text.FT_Stream_ReadUShort
                0x8001244c       0xe8 C:/devkitPro/portlibs/ppc/lib\libfreetype.a(ftbase.o)
                0x8001244c                FT_Stream_ReadUShort
 .text.FT_Raccess_Get_HeaderInfo
                0x80012534      0x378 C:/devkitPro/portlibs/ppc/lib\libfreetype.a(ftbase.o)
                0x80012534                FT_Raccess_Get_HeaderInfo
 .text.FT_Stream_ReadUShortLE
                0x800128ac       0xdc C:/devkitPro/portlibs/ppc/lib\libfreetype.a(ftbase.o)
                0x800128ac                FT_Stream_ReadUShortLE
 .text.FT_Stream_ReadUOffset
                0x80012988      0x108 C:/devkitPro/portlibs/ppc/lib\libfreetype.a(ftbase.o)
                0x80012988                FT_Stream_ReadUOffset
 .text.FT_Stream_ReadULong
                0x80012a90       0xd8 C:/devkitPro/portlibs/ppc/lib\libfreetype.a(ftbase.o)
                0x80012a90                FT_Stream_ReadULong
 .text.FT_Raccess_Get_DataOffsets
                0x80012b68      0x538 C:/devkitPro/portlibs/ppc/lib\libfreetype.a(ftbase.o)
                0x80012b68                FT_Raccess_Get_DataOffsets
 .text.raccess_guess_apple_generic.isra.0
                0x800130a0      0x1e0 C:/devkitPro/portlibs/ppc/lib\libfreetype.a(ftbase.o)
 .text.raccess_guess_linux_double_from_file_name
                0x80013280      0x108 C:/devkitPro/portlibs/ppc/lib\libfreetype.a(ftbase.o)
 .text.raccess_guess_linux_netatalk
                0x80013388       0xe8 C:/devkitPro/portlibs/ppc/lib\libfreetype.a(ftbase.o)
 .text.raccess_guess_linux_double
                0x80013470       0xe8 C:/devkitPro/portlibs/ppc/lib\libfreetype.a(ftbase.o)
 .text.raccess_guess_darwin_ufs_export
                0x80013558       0xe8 C:/devkitPro/portlibs/ppc/lib\libfreetype.a(ftbase.o)
 .text.raccess_guess_apple_double
                0x80013640       0x28 C:/devkitPro/portlibs/ppc/lib\libfreetype.a(ftbase.o)
 .text.raccess_guess_apple_single
                0x80013668       0x28 C:/devkitPro/portlibs/ppc/lib\libfreetype.a(ftbase.o)
 .text.FT_Stream_ReadULongLE
                0x80013690       0xdc C:/devkitPro/portlibs/ppc/lib\libfreetype.a(ftbase.o)
                0x80013690                FT_Stream_ReadULongLE
 .text.FT_Stream_ReadFields
                0x8001376c      0x2b8 C:/devkitPro/portlibs/ppc/lib\libfreetype.a(ftbase.o)
                0x8001376c                FT_Stream_ReadFields
 .text.FT_Vector_Length
                0x80013a24      0x120 C:/devkitPro/portlibs/ppc/lib\libfreetype.a(ftbase.o)
                0x80013a24                FT_Vector_Length
 .text.FT_Hypot
                0x80013b44       0x30 C:/devkitPro/portlibs/ppc/lib\libfreetype.a(ftbase.o)
                0x80013b44                FT_Hypot
 .text.ft_mem_alloc
                0x80013b74       0xac C:/devkitPro/portlibs/ppc/lib\libfreetype.a(ftbase.o)
                0x80013b74                ft_mem_alloc
 .text.ft_glyphslot_alloc_bitmap
                0x80013c20       0xb8 C:/devkitPro/portlibs/ppc/lib\libfreetype.a(ftbase.o)
                0x80013c20                ft_glyphslot_alloc_bitmap
 .text.FT_New_GlyphSlot
                0x80013cd8      0x280 C:/devkitPro/portlibs/ppc/lib\libfreetype.a(ftbase.o)
                0x80013cd8                FT_New_GlyphSlot
 .text.FT_Render_Glyph_Internal
                0x80013f58      0x354 C:/devkitPro/portlibs/ppc/lib\libfreetype.a(ftbase.o)
                0x80013f58                FT_Render_Glyph_Internal
 .text.FT_Load_Glyph
                0x800142ac      0xa24 C:/devkitPro/portlibs/ppc/lib\libfreetype.a(ftbase.o)
                0x800142ac                FT_Load_Glyph
 .text.FT_Get_Advances
                0x80014cd0      0x314 C:/devkitPro/portlibs/ppc/lib\libfreetype.a(ftbase.o)
                0x80014cd0                FT_Get_Advances
 .text.FT_Get_Advance
                0x80014fe4      0x230 C:/devkitPro/portlibs/ppc/lib\libfreetype.a(ftbase.o)
                0x80014fe4                FT_Get_Advance
 .text.open_face
                0x80015214      0x2e8 C:/devkitPro/portlibs/ppc/lib\libfreetype.a(ftbase.o)
 .text.FT_New_Size
                0x800154fc      0x204 C:/devkitPro/portlibs/ppc/lib\libfreetype.a(ftbase.o)
                0x800154fc                FT_New_Size
 .text.ft_open_face_internal
                0x80015700      0xc0c C:/devkitPro/portlibs/ppc/lib\libfreetype.a(ftbase.o)
 .text.open_face_from_buffer
                0x8001630c      0x184 C:/devkitPro/portlibs/ppc/lib\libfreetype.a(ftbase.o)
 .text.open_face_PS_from_sfnt_stream.isra.0
                0x80016490      0x52c C:/devkitPro/portlibs/ppc/lib\libfreetype.a(ftbase.o)
 .text.IsMacResource
                0x800169bc      0x940 C:/devkitPro/portlibs/ppc/lib\libfreetype.a(ftbase.o)
 .text.FT_New_Memory_Face
                0x800172fc       0x5c C:/devkitPro/portlibs/ppc/lib\libfreetype.a(ftbase.o)
                0x800172fc                FT_New_Memory_Face
 .text.FT_Open_Face
                0x80017358        0x8 C:/devkitPro/portlibs/ppc/lib\libfreetype.a(ftbase.o)
                0x80017358                FT_Open_Face
 .text.FT_Add_Module
                0x80017360      0x374 C:/devkitPro/portlibs/ppc/lib\libfreetype.a(ftbase.o)
                0x80017360                FT_Add_Module
 .text.ft_mem_qalloc
                0x800176d4       0x5c C:/devkitPro/portlibs/ppc/lib\libfreetype.a(ftbase.o)
                0x800176d4                ft_mem_qalloc
 .text.ft_mem_qrealloc
                0x80017730      0x138 C:/devkitPro/portlibs/ppc/lib\libfreetype.a(ftbase.o)
                0x80017730                ft_mem_qrealloc
 .text.FT_CMap_New
                0x80017868      0x1c4 C:/devkitPro/portlibs/ppc/lib\libfreetype.a(ftbase.o)
                0x80017868                FT_CMap_New
 .text.ft_mem_realloc
                0x80017a2c       0xcc C:/devkitPro/portlibs/ppc/lib\libfreetype.a(ftbase.o)
                0x80017a2c                ft_mem_realloc
 .text.FT_GlyphLoader_CheckPoints
                0x80017af8      0x2dc C:/devkitPro/portlibs/ppc/lib\libfreetype.a(ftbase.o)
                0x80017af8                FT_GlyphLoader_CheckPoints
 .text.FT_GlyphLoader_CheckSubGlyphs
                0x80017dd4       0xac C:/devkitPro/portlibs/ppc/lib\libfreetype.a(ftbase.o)
                0x80017dd4                FT_GlyphLoader_CheckSubGlyphs
 .text.ft_mem_free
                0x80017e80       0x14 C:/devkitPro/portlibs/ppc/lib\libfreetype.a(ftbase.o)
                0x80017e80                ft_mem_free
 .text.ft_mem_dup
                0x80017e94       0xd0 C:/devkitPro/portlibs/ppc/lib\libfreetype.a(ftbase.o)
                0x80017e94                ft_mem_dup
 .text.ft_mem_strdup
                0x80017f64       0xe0 C:/devkitPro/portlibs/ppc/lib\libfreetype.a(ftbase.o)
                0x80017f64                ft_mem_strdup
 .text.ft_mem_strcpyn
                0x80018044       0xa0 C:/devkitPro/portlibs/ppc/lib\libfreetype.a(ftbase.o)
                0x80018044                ft_mem_strcpyn
 .text.FT_List_Find
                0x800180e4       0x44 C:/devkitPro/portlibs/ppc/lib\libfreetype.a(ftbase.o)
                0x800180e4                FT_List_Find
 .text.FT_List_Add
                0x80018128       0x40 C:/devkitPro/portlibs/ppc/lib\libfreetype.a(ftbase.o)
                0x80018128                FT_List_Add
 .text.FT_List_Iterate
                0x80018168       0xa8 C:/devkitPro/portlibs/ppc/lib\libfreetype.a(ftbase.o)
                0x80018168                FT_List_Iterate
 .text.FT_List_Finalize
                0x80018210       0xe8 C:/devkitPro/portlibs/ppc/lib\libfreetype.a(ftbase.o)
                0x80018210                FT_List_Finalize
 .text.FT_Set_Default_Properties
                0x800182f8      0x1d8 C:/devkitPro/portlibs/ppc/lib\libfreetype.a(ftinit.o)
                0x800182f8                FT_Set_Default_Properties
 .text.FT_Init_FreeType
                0x800184d0       0xc8 C:/devkitPro/portlibs/ppc/lib\libfreetype.a(ftinit.o)
                0x800184d0                FT_Init_FreeType
 .text.FT_Done_FreeType
                0x80018598       0x4c C:/devkitPro/portlibs/ppc/lib\libfreetype.a(ftinit.o)
                0x80018598                FT_Done_FreeType
 .text.bdf_atol_
                0x800185e4       0xe0 C:/devkitPro/portlibs/ppc/lib\libfreetype.a(bdf.o)
 .text.bdf_atos_
                0x800186c4       0xe0 C:/devkitPro/portlibs/ppc/lib\libfreetype.a(bdf.o)
 .text.by_encoding
                0x800187a4       0x28 C:/devkitPro/portlibs/ppc/lib\libfreetype.a(bdf.o)
 .text.bdf_parse_end_
                0x800187cc        0x8 C:/devkitPro/portlibs/ppc/lib\libfreetype.a(bdf.o)
 .text.bdf_cmap_init
                0x800187d4       0x24 C:/devkitPro/portlibs/ppc/lib\libfreetype.a(bdf.o)
 .text.bdf_cmap_done
                0x800187f8       0x10 C:/devkitPro/portlibs/ppc/lib\libfreetype.a(bdf.o)
 .text.bdf_cmap_char_index
                0x80018808       0x80 C:/devkitPro/portlibs/ppc/lib\libfreetype.a(bdf.o)
 .text.bdf_cmap_char_next
                0x80018888       0xc0 C:/devkitPro/portlibs/ppc/lib\libfreetype.a(bdf.o)
 .text.bdf_get_charset_id
                0x80018948       0x1c C:/devkitPro/portlibs/ppc/lib\libfreetype.a(bdf.o)
 .text.BDF_Size_Select
                0x80018964       0x64 C:/devkitPro/portlibs/ppc/lib\libfreetype.a(bdf.o)
 .text.BDF_Glyph_Load
                0x800189c8      0x188 C:/devkitPro/portlibs/ppc/lib\libfreetype.a(bdf.o)
 .text.bdf_list_ensure_
                0x80018b50      0x104 C:/devkitPro/portlibs/ppc/lib\libfreetype.a(bdf.o)
 .text.bdf_add_comment_
                0x80018c54       0xbc C:/devkitPro/portlibs/ppc/lib\libfreetype.a(bdf.o)
 .text.bdf_driver_requester
                0x80018d10        0xc C:/devkitPro/portlibs/ppc/lib\libfreetype.a(bdf.o)
 .text.bdf_atoul_
                0x80018d1c       0x8c C:/devkitPro/portlibs/ppc/lib\libfreetype.a(bdf.o)
 .text.bdf_atous_
                0x80018da8       0x90 C:/devkitPro/portlibs/ppc/lib\libfreetype.a(bdf.o)
 .text.bdf_free_font.part.0
                0x80018e38      0x228 C:/devkitPro/portlibs/ppc/lib\libfreetype.a(bdf.o)
 .text.BDF_Face_Done
                0x80019060       0xc4 C:/devkitPro/portlibs/ppc/lib\libfreetype.a(bdf.o)
 .text.bdf_list_split_.part.0
                0x80019124      0x2f8 C:/devkitPro/portlibs/ppc/lib\libfreetype.a(bdf.o)
 .text.bdf_list_join_.constprop.0
                0x8001941c       0xb8 C:/devkitPro/portlibs/ppc/lib\libfreetype.a(bdf.o)
 .text.bdf_list_shift_.constprop.0
                0x800194d4       0x68 C:/devkitPro/portlibs/ppc/lib\libfreetype.a(bdf.o)
 .text.bdf_add_property_.isra.0
                0x8001953c      0x5fc C:/devkitPro/portlibs/ppc/lib\libfreetype.a(bdf.o)
 .text.BDF_Size_Request
                0x80019b38       0xf8 C:/devkitPro/portlibs/ppc/lib\libfreetype.a(bdf.o)
 .text.bdf_get_bdf_property
                0x80019c30       0xc8 C:/devkitPro/portlibs/ppc/lib\libfreetype.a(bdf.o)
 .text.bdf_parse_properties_
                0x80019cf8      0x4a4 C:/devkitPro/portlibs/ppc/lib\libfreetype.a(bdf.o)
 .text.BDF_Face_Init
                0x8001a19c     0x1320 C:/devkitPro/portlibs/ppc/lib\libfreetype.a(bdf.o)
 .text.bdf_parse_start_
                0x8001b4bc      0xa78 C:/devkitPro/portlibs/ppc/lib\libfreetype.a(bdf.o)
 .text.bdf_parse_glyphs_
                0x8001bf34      0xfd8 C:/devkitPro/portlibs/ppc/lib\libfreetype.a(bdf.o)
 .text.cff_cmap_encoding_init
                0x8001cf0c       0x1c C:/devkitPro/portlibs/ppc/lib\libfreetype.a(cff.o)
 .text.cff_cmap_encoding_done
                0x8001cf28        0xc C:/devkitPro/portlibs/ppc/lib\libfreetype.a(cff.o)
 .text.cff_cmap_encoding_char_index
                0x8001cf34       0x20 C:/devkitPro/portlibs/ppc/lib\libfreetype.a(cff.o)
 .text.cff_cmap_encoding_char_next
                0x8001cf54       0x98 C:/devkitPro/portlibs/ppc/lib\libfreetype.a(cff.o)
 .text.cff_cmap_unicode_init
                0x8001cfec       0x54 C:/devkitPro/portlibs/ppc/lib\libfreetype.a(cff.o)
 .text.cff_cmap_unicode_char_index
                0x8001d040       0x18 C:/devkitPro/portlibs/ppc/lib\libfreetype.a(cff.o)
 .text.cff_cmap_unicode_char_next
                0x8001d058       0x18 C:/devkitPro/portlibs/ppc/lib\libfreetype.a(cff.o)
 .text.cff_get_kerning
                0x8001d070       0x5c C:/devkitPro/portlibs/ppc/lib\libfreetype.a(cff.o)
 .text.cff_ps_has_glyph_names
                0x8001d0cc        0xc C:/devkitPro/portlibs/ppc/lib\libfreetype.a(cff.o)
 .text.cff_get_is_cid
                0x8001d0d8       0x34 C:/devkitPro/portlibs/ppc/lib\libfreetype.a(cff.o)
 .text.cff_get_cid_from_glyph_index
                0x8001d10c       0x58 C:/devkitPro/portlibs/ppc/lib\libfreetype.a(cff.o)
 .text.cff_set_mm_blend
                0x8001d164       0x10 C:/devkitPro/portlibs/ppc/lib\libfreetype.a(cff.o)
 .text.cff_get_mm_blend
                0x8001d174       0x10 C:/devkitPro/portlibs/ppc/lib\libfreetype.a(cff.o)
 .text.cff_set_mm_weightvector
                0x8001d184       0x10 C:/devkitPro/portlibs/ppc/lib\libfreetype.a(cff.o)
 .text.cff_get_mm_weightvector
                0x8001d194       0x10 C:/devkitPro/portlibs/ppc/lib\libfreetype.a(cff.o)
 .text.cff_construct_ps_name
                0x8001d1a4       0x10 C:/devkitPro/portlibs/ppc/lib\libfreetype.a(cff.o)
 .text.cff_get_mm_var
                0x8001d1b4       0x10 C:/devkitPro/portlibs/ppc/lib\libfreetype.a(cff.o)
 .text.cff_set_var_design
                0x8001d1c4       0x10 C:/devkitPro/portlibs/ppc/lib\libfreetype.a(cff.o)
 .text.cff_get_var_design
                0x8001d1d4       0x10 C:/devkitPro/portlibs/ppc/lib\libfreetype.a(cff.o)
 .text.cff_set_named_instance
                0x8001d1e4       0x10 C:/devkitPro/portlibs/ppc/lib\libfreetype.a(cff.o)
 .text.cff_get_default_named_instance
                0x8001d1f4       0x10 C:/devkitPro/portlibs/ppc/lib\libfreetype.a(cff.o)
 .text.cff_load_item_variation_store
                0x8001d204       0x10 C:/devkitPro/portlibs/ppc/lib\libfreetype.a(cff.o)
 .text.cff_load_delta_set_index_mapping
                0x8001d214       0x10 C:/devkitPro/portlibs/ppc/lib\libfreetype.a(cff.o)
 .text.cff_get_item_delta
                0x8001d224       0x10 C:/devkitPro/portlibs/ppc/lib\libfreetype.a(cff.o)
 .text.cff_done_item_variation_store
                0x8001d234       0x10 C:/devkitPro/portlibs/ppc/lib\libfreetype.a(cff.o)
 .text.cff_done_delta_set_index_map
                0x8001d244       0x10 C:/devkitPro/portlibs/ppc/lib\libfreetype.a(cff.o)
 .text.cff_hadvance_adjust
                0x8001d254       0x10 C:/devkitPro/portlibs/ppc/lib\libfreetype.a(cff.o)
 .text.cff_metrics_adjust
                0x8001d264       0x10 C:/devkitPro/portlibs/ppc/lib\libfreetype.a(cff.o)
 .text.cff_parse_integer
                0x8001d274       0xd0 C:/devkitPro/portlibs/ppc/lib\libfreetype.a(cff.o)
 .text.cff_get_standard_encoding
                0x8001d344       0x2c C:/devkitPro/portlibs/ppc/lib\libfreetype.a(cff.o)
 .text.cff_fd_select_get
                0x8001d370       0xac C:/devkitPro/portlibs/ppc/lib\libfreetype.a(cff.o)
 .text.cff_get_var_blend
                0x8001d41c       0x10 C:/devkitPro/portlibs/ppc/lib\libfreetype.a(cff.o)
 .text.cff_done_blend
                0x8001d42c       0x18 C:/devkitPro/portlibs/ppc/lib\libfreetype.a(cff.o)
 .text.cff_slot_done
                0x8001d444       0x18 C:/devkitPro/portlibs/ppc/lib\libfreetype.a(cff.o)
 .text.cff_driver_init
                0x8001d45c       0xac C:/devkitPro/portlibs/ppc/lib\libfreetype.a(cff.o)
 .text.cff_driver_done
                0x8001d508        0x4 C:/devkitPro/portlibs/ppc/lib\libfreetype.a(cff.o)
 .text.cff_cmap_unicode_done
                0x8001d50c       0x44 C:/devkitPro/portlibs/ppc/lib\libfreetype.a(cff.o)
 .text.cff_vstore_done
                0x8001d550      0x104 C:/devkitPro/portlibs/ppc/lib\libfreetype.a(cff.o)
 .text.cff_slot_init
                0x8001d654       0x7c C:/devkitPro/portlibs/ppc/lib\libfreetype.a(cff.o)
 .text.cff_make_private_dict
                0x8001d6d0      0x36c C:/devkitPro/portlibs/ppc/lib\libfreetype.a(cff.o)
 .text.cff_index_done
                0x8001da3c       0x7c C:/devkitPro/portlibs/ppc/lib\libfreetype.a(cff.o)
 .text.cff_get_cmap_info
                0x8001dab8       0xbc C:/devkitPro/portlibs/ppc/lib\libfreetype.a(cff.o)
 .text.cff_get_ps_name
                0x8001db74       0xbc C:/devkitPro/portlibs/ppc/lib\libfreetype.a(cff.o)
 .text.cff_parse_real
                0x8001dc30      0x488 C:/devkitPro/portlibs/ppc/lib\libfreetype.a(cff.o)
 .text.cff_get_name_index
                0x8001e0b8      0x174 C:/devkitPro/portlibs/ppc/lib\libfreetype.a(cff.o)
 .text.cff_charset_compute_cids
                0x8001e22c      0x1c8 C:/devkitPro/portlibs/ppc/lib\libfreetype.a(cff.o)
 .text.cff_blend_check_vector
                0x8001e3f4       0x84 C:/devkitPro/portlibs/ppc/lib\libfreetype.a(cff.o)
 .text.cff_blend_build_vector
                0x8001e478      0x33c C:/devkitPro/portlibs/ppc/lib\libfreetype.a(cff.o)
 .text.cff_index_get_pointers
                0x8001e7b4      0x628 C:/devkitPro/portlibs/ppc/lib\libfreetype.a(cff.o)
 .text.cff_index_get_sid_string
                0x8001eddc       0x64 C:/devkitPro/portlibs/ppc/lib\libfreetype.a(cff.o)
 .text.cff_get_ros
                0x8001ee40      0x108 C:/devkitPro/portlibs/ppc/lib\libfreetype.a(cff.o)
 .text.cff_ps_get_font_info
                0x8001ef48      0x184 C:/devkitPro/portlibs/ppc/lib\libfreetype.a(cff.o)
 .text.cff_get_glyph_name
                0x8001f0cc      0x114 C:/devkitPro/portlibs/ppc/lib\libfreetype.a(cff.o)
 .text.cff_ps_get_font_extra
                0x8001f1e0      0x1ac C:/devkitPro/portlibs/ppc/lib\libfreetype.a(cff.o)
 .text.cff_subfont_done.part.0
                0x8001f38c       0x88 C:/devkitPro/portlibs/ppc/lib\libfreetype.a(cff.o)
 .text.cff_get_interface
                0x8001f414       0xa4 C:/devkitPro/portlibs/ppc/lib\libfreetype.a(cff.o)
 .text.cff_size_get_globals_funcs.isra.0
                0x8001f4b8       0x74 C:/devkitPro/portlibs/ppc/lib\libfreetype.a(cff.o)
 .text.cff_size_init
                0x8001f52c      0x250 C:/devkitPro/portlibs/ppc/lib\libfreetype.a(cff.o)
 .text.cff_size_done
                0x8001f77c      0x10c C:/devkitPro/portlibs/ppc/lib\libfreetype.a(cff.o)
 .text.cff_size_select
                0x8001f888      0x174 C:/devkitPro/portlibs/ppc/lib\libfreetype.a(cff.o)
 .text.cff_size_request
                0x8001f9fc      0x1f4 C:/devkitPro/portlibs/ppc/lib\libfreetype.a(cff.o)
 .text.cff_face_done
                0x8001fbf0      0x234 C:/devkitPro/portlibs/ppc/lib\libfreetype.a(cff.o)
 .text.cff_parse_font_matrix
                0x8001fe24      0x380 C:/devkitPro/portlibs/ppc/lib\libfreetype.a(cff.o)
 .text.do_fixed.isra.0
                0x800201a4      0x130 C:/devkitPro/portlibs/ppc/lib\libfreetype.a(cff.o)
 .text.cff_parse_font_bbox
                0x800202d4       0xc4 C:/devkitPro/portlibs/ppc/lib\libfreetype.a(cff.o)
 .text.cff_parse_num.isra.0
                0x80020398       0x84 C:/devkitPro/portlibs/ppc/lib\libfreetype.a(cff.o)
 .text.cff_parse_private_dict
                0x8002041c       0xa0 C:/devkitPro/portlibs/ppc/lib\libfreetype.a(cff.o)
 .text.cff_parse_multiple_master
                0x800204bc       0x90 C:/devkitPro/portlibs/ppc/lib\libfreetype.a(cff.o)
 .text.cff_parse_cid_ros
                0x8002054c       0x94 C:/devkitPro/portlibs/ppc/lib\libfreetype.a(cff.o)
 .text.cff_parse_vsindex
                0x800205e0       0x70 C:/devkitPro/portlibs/ppc/lib\libfreetype.a(cff.o)
 .text.cff_parser_run
                0x80020650      0x43c C:/devkitPro/portlibs/ppc/lib\libfreetype.a(cff.o)
 .text.cff_load_private_dict
                0x80020a8c      0x290 C:/devkitPro/portlibs/ppc/lib\libfreetype.a(cff.o)
 .text.cff_free_glyph_data
                0x80020d1c       0x6c C:/devkitPro/portlibs/ppc/lib\libfreetype.a(cff.o)
 .text.cff_parse_blend
                0x80020d88      0x38c C:/devkitPro/portlibs/ppc/lib\libfreetype.a(cff.o)
 .text.cff_index_access_element
                0x80021114      0x2d8 C:/devkitPro/portlibs/ppc/lib\libfreetype.a(cff.o)
 .text.cff_get_glyph_data
                0x800213ec       0x78 C:/devkitPro/portlibs/ppc/lib\libfreetype.a(cff.o)
 .text.cff_slot_load
                0x80021464      0xaac C:/devkitPro/portlibs/ppc/lib\libfreetype.a(cff.o)
 .text.cff_glyph_load
                0x80021f10       0x44 C:/devkitPro/portlibs/ppc/lib\libfreetype.a(cff.o)
 .text.cff_get_advances
                0x80021f54      0x2c0 C:/devkitPro/portlibs/ppc/lib\libfreetype.a(cff.o)
 .text.cff_index_get_name
                0x80022214      0x10c C:/devkitPro/portlibs/ppc/lib\libfreetype.a(cff.o)
 .text.cff_index_init
                0x80022320      0x254 C:/devkitPro/portlibs/ppc/lib\libfreetype.a(cff.o)
 .text.cff_subfont_load
                0x80022574      0x43c C:/devkitPro/portlibs/ppc/lib\libfreetype.a(cff.o)
 .text.cff_sid_to_glyph_name
                0x800229b0       0x70 C:/devkitPro/portlibs/ppc/lib\libfreetype.a(cff.o)
 .text.cff_face_init
                0x80022a20     0x243c C:/devkitPro/portlibs/ppc/lib\libfreetype.a(cff.o)
 .text.cff_parse_maxstack
                0x80024e5c       0xdc C:/devkitPro/portlibs/ppc/lib\libfreetype.a(cff.o)
 .text.parse_expansion_factor
                0x80024f38       0x60 C:/devkitPro/portlibs/ppc/lib\libfreetype.a(type1cid.o)
 .text.parse_font_name
                0x80024f98        0x4 C:/devkitPro/portlibs/ppc/lib\libfreetype.a(type1cid.o)
 .text.cid_slot_done
                0x80024f9c       0x18 C:/devkitPro/portlibs/ppc/lib\libfreetype.a(type1cid.o)
 .text.cid_driver_init
                0x80024fb4       0xac C:/devkitPro/portlibs/ppc/lib\libfreetype.a(type1cid.o)
 .text.cid_driver_done
                0x80025060        0x4 C:/devkitPro/portlibs/ppc/lib\libfreetype.a(type1cid.o)
 .text.cid_get_postscript_name
                0x80025064       0x20 C:/devkitPro/portlibs/ppc/lib\libfreetype.a(type1cid.o)
 .text.cid_ps_get_font_info
                0x80025084       0x4c C:/devkitPro/portlibs/ppc/lib\libfreetype.a(type1cid.o)
 .text.cid_ps_get_font_extra
                0x800250d0       0x10 C:/devkitPro/portlibs/ppc/lib\libfreetype.a(type1cid.o)
 .text.cid_get_ros
                0x800250e0       0x38 C:/devkitPro/portlibs/ppc/lib\libfreetype.a(type1cid.o)
 .text.cid_get_is_cid
                0x80025118       0x18 C:/devkitPro/portlibs/ppc/lib\libfreetype.a(type1cid.o)
 .text.cid_slot_init
                0x80025130       0x78 C:/devkitPro/portlibs/ppc/lib\libfreetype.a(type1cid.o)
 .text.cid_face_done
                0x800251a8      0x188 C:/devkitPro/portlibs/ppc/lib\libfreetype.a(type1cid.o)
 .text.cid_compute_fd_and_offsets
                0x80025330      0x25c C:/devkitPro/portlibs/ppc/lib\libfreetype.a(type1cid.o)
 .text.cid_load_glyph
                0x8002558c      0x520 C:/devkitPro/portlibs/ppc/lib\libfreetype.a(type1cid.o)
 .text.cid_slot_load_glyph
                0x80025aac      0x438 C:/devkitPro/portlibs/ppc/lib\libfreetype.a(type1cid.o)
 .text.cid_get_cid_from_glyph_index
                0x80025ee4       0x54 C:/devkitPro/portlibs/ppc/lib\libfreetype.a(type1cid.o)
 .text.cid_parse_font_matrix
                0x80025f38      0x1c8 C:/devkitPro/portlibs/ppc/lib\libfreetype.a(type1cid.o)
 .text.parse_fd_array
                0x80026100      0x15c C:/devkitPro/portlibs/ppc/lib\libfreetype.a(type1cid.o)
 .text.cid_get_interface
                0x8002625c        0xc C:/devkitPro/portlibs/ppc/lib\libfreetype.a(type1cid.o)
 .text.cid_size_get_globals_funcs.isra.0
                0x80026268       0x74 C:/devkitPro/portlibs/ppc/lib\libfreetype.a(type1cid.o)
 .text.cid_size_init
                0x800262dc       0x8c C:/devkitPro/portlibs/ppc/lib\libfreetype.a(type1cid.o)
 .text.cid_size_done
                0x80026368       0x68 C:/devkitPro/portlibs/ppc/lib\libfreetype.a(type1cid.o)
 .text.cid_size_request
                0x800263d0       0x98 C:/devkitPro/portlibs/ppc/lib\libfreetype.a(type1cid.o)
 .text.cid_face_open
                0x80026468     0x10dc C:/devkitPro/portlibs/ppc/lib\libfreetype.a(type1cid.o)
 .text.cid_face_init
                0x80027544      0x2f4 C:/devkitPro/portlibs/ppc/lib\libfreetype.a(type1cid.o)
 .text.pcf_cmap_init
                0x80027838       0x18 C:/devkitPro/portlibs/ppc/lib\libfreetype.a(pcf.o)
 .text.pcf_cmap_done
                0x80027850        0xc C:/devkitPro/portlibs/ppc/lib\libfreetype.a(pcf.o)
 .text.pcf_cmap_char_index
                0x8002785c       0x68 C:/devkitPro/portlibs/ppc/lib\libfreetype.a(pcf.o)
 .text.pcf_cmap_char_next
                0x800278c4      0x1e4 C:/devkitPro/portlibs/ppc/lib\libfreetype.a(pcf.o)
 .text.pcf_get_charset_id
                0x80027aa8       0x1c C:/devkitPro/portlibs/ppc/lib\libfreetype.a(pcf.o)
 .text.pcf_property_set
                0x80027ac4        0x8 C:/devkitPro/portlibs/ppc/lib\libfreetype.a(pcf.o)
 .text.pcf_property_get
                0x80027acc        0x8 C:/devkitPro/portlibs/ppc/lib\libfreetype.a(pcf.o)
 .text.pcf_driver_init
                0x80027ad4        0x8 C:/devkitPro/portlibs/ppc/lib\libfreetype.a(pcf.o)
 .text.pcf_driver_done
                0x80027adc        0x4 C:/devkitPro/portlibs/ppc/lib\libfreetype.a(pcf.o)
 .text.PCF_Size_Select
                0x80027ae0       0x64 C:/devkitPro/portlibs/ppc/lib\libfreetype.a(pcf.o)
 .text.PCF_Glyph_Load
                0x80027b44      0x3b8 C:/devkitPro/portlibs/ppc/lib\libfreetype.a(pcf.o)
 .text.pcf_driver_requester
                0x80027efc        0xc C:/devkitPro/portlibs/ppc/lib\libfreetype.a(pcf.o)
 .text.PCF_Face_Done.part.0
                0x80027f08      0x1a8 C:/devkitPro/portlibs/ppc/lib\libfreetype.a(pcf.o)
 .text.PCF_Face_Done
                0x800280b0        0xc C:/devkitPro/portlibs/ppc/lib\libfreetype.a(pcf.o)
 .text.pcf_find_property.isra.0
                0x800280bc       0x9c C:/devkitPro/portlibs/ppc/lib\libfreetype.a(pcf.o)
 .text.pcf_get_bdf_property
                0x80028158       0x8c C:/devkitPro/portlibs/ppc/lib\libfreetype.a(pcf.o)
 .text.PCF_Size_Request
                0x800281e4       0xf4 C:/devkitPro/portlibs/ppc/lib\libfreetype.a(pcf.o)
 .text.pcf_get_accel
                0x800282d8      0x2f0 C:/devkitPro/portlibs/ppc/lib\libfreetype.a(pcf.o)
 .text.pcf_load_font
                0x800285c8     0x1970 C:/devkitPro/portlibs/ppc/lib\libfreetype.a(pcf.o)
 .text.PCF_Face_Init
                0x80029f38      0x2b8 C:/devkitPro/portlibs/ppc/lib\libfreetype.a(pcf.o)
 .text.pfr_cmap_init
                0x8002a1f0       0x94 C:/devkitPro/portlibs/ppc/lib\libfreetype.a(pfr.o)
 .text.pfr_cmap_done
                0x8002a284       0x10 C:/devkitPro/portlibs/ppc/lib\libfreetype.a(pfr.o)
 .text.pfr_cmap_char_index
                0x8002a294       0x78 C:/devkitPro/portlibs/ppc/lib\libfreetype.a(pfr.o)
 .text.pfr_cmap_char_next
                0x8002a30c       0xc0 C:/devkitPro/portlibs/ppc/lib\libfreetype.a(pfr.o)
 .text.pfr_get_advance
                0x8002a3cc       0x54 C:/devkitPro/portlibs/ppc/lib\libfreetype.a(pfr.o)
 .text.pfr_glyph_close_contour
                0x8002a420       0xfc C:/devkitPro/portlibs/ppc/lib\libfreetype.a(pfr.o)
 .text.pfr_face_get_kerning
                0x8002a51c      0x248 C:/devkitPro/portlibs/ppc/lib\libfreetype.a(pfr.o)
 .text.pfr_extra_item_load_bitmap_info
                0x8002a764      0x24c C:/devkitPro/portlibs/ppc/lib\libfreetype.a(pfr.o)
 .text.pfr_slot_done
                0x8002a9b0       0x74 C:/devkitPro/portlibs/ppc/lib\libfreetype.a(pfr.o)
 .text.pfr_slot_init
                0x8002aa24       0x58 C:/devkitPro/portlibs/ppc/lib\libfreetype.a(pfr.o)
 .text.pfr_extra_item_load_stem_snaps
                0x8002aa7c       0xfc C:/devkitPro/portlibs/ppc/lib\libfreetype.a(pfr.o)
 .text.pfr_extra_item_load_kerning_pairs
                0x8002ab78      0x194 C:/devkitPro/portlibs/ppc/lib\libfreetype.a(pfr.o)
 .text.pfr_extra_item_load_font_id
                0x8002ad0c       0xc0 C:/devkitPro/portlibs/ppc/lib\libfreetype.a(pfr.o)
 .text.pfr_aux_name_load
                0x8002adcc      0x1c8 C:/devkitPro/portlibs/ppc/lib\libfreetype.a(pfr.o)
 .text.pfr_get_service
                0x8002af94        0xc C:/devkitPro/portlibs/ppc/lib\libfreetype.a(pfr.o)
 .text.pfr_get_metrics
                0x8002afa0       0xd8 C:/devkitPro/portlibs/ppc/lib\libfreetype.a(pfr.o)
 .text.pfr_get_kerning
                0x8002b078       0xa8 C:/devkitPro/portlibs/ppc/lib\libfreetype.a(pfr.o)
 .text.pfr_face_done
                0x8002b120      0x128 C:/devkitPro/portlibs/ppc/lib\libfreetype.a(pfr.o)
 .text.pfr_glyph_line_to.isra.0
                0x8002b248       0xe8 C:/devkitPro/portlibs/ppc/lib\libfreetype.a(pfr.o)
 .text.pfr_glyph_load_rec
                0x8002b330      0xc84 C:/devkitPro/portlibs/ppc/lib\libfreetype.a(pfr.o)
 .text.pfr_slot_load
                0x8002bfb4      0xbe8 C:/devkitPro/portlibs/ppc/lib\libfreetype.a(pfr.o)
 .text.pfr_face_init
                0x8002cb9c      0xe44 C:/devkitPro/portlibs/ppc/lib\libfreetype.a(pfr.o)
 .text.afm_compare_kern_pairs
                0x8002d9e0       0x3c C:/devkitPro/portlibs/ppc/lib\libfreetype.a(psaux.o)
 .text.PS_Conv_Strtol
                0x8002da1c      0x164 C:/devkitPro/portlibs/ppc/lib\libfreetype.a(psaux.o)
 .text.PS_Conv_ToInt
                0x8002db80       0xb8 C:/devkitPro/portlibs/ppc/lib\libfreetype.a(psaux.o)
 .text.skip_spaces
                0x8002dc38       0xc4 C:/devkitPro/portlibs/ppc/lib\libfreetype.a(psaux.o)
 .text.skip_literal_string
                0x8002dcfc       0xfc C:/devkitPro/portlibs/ppc/lib\libfreetype.a(psaux.o)
 .text.skip_string
                0x8002ddf8       0xd0 C:/devkitPro/portlibs/ppc/lib\libfreetype.a(psaux.o)
 .text.skip_procedure
                0x8002dec8      0x1e4 C:/devkitPro/portlibs/ppc/lib\libfreetype.a(psaux.o)
 .text.ps_parser_skip_PS_token
                0x8002e0ac      0x27c C:/devkitPro/portlibs/ppc/lib\libfreetype.a(psaux.o)
 .text.ps_parser_skip_spaces
                0x8002e328        0x8 C:/devkitPro/portlibs/ppc/lib\libfreetype.a(psaux.o)
 .text.ps_parser_to_token
                0x8002e330      0x200 C:/devkitPro/portlibs/ppc/lib\libfreetype.a(psaux.o)
 .text.ps_parser_to_token_array
                0x8002e530      0x190 C:/devkitPro/portlibs/ppc/lib\libfreetype.a(psaux.o)
 .text.ps_parser_to_int
                0x8002e6c0       0x3c C:/devkitPro/portlibs/ppc/lib\libfreetype.a(psaux.o)
 .text.ps_parser_to_bytes
                0x8002e6fc      0x1fc C:/devkitPro/portlibs/ppc/lib\libfreetype.a(psaux.o)
 .text.ps_parser_init
                0x8002e8f8       0x4c C:/devkitPro/portlibs/ppc/lib\libfreetype.a(psaux.o)
 .text.ps_parser_done
                0x8002e944        0x4 C:/devkitPro/portlibs/ppc/lib\libfreetype.a(psaux.o)
 .text.t1_builder_done
                0x8002e948       0x3c C:/devkitPro/portlibs/ppc/lib\libfreetype.a(psaux.o)
 .text.t1_builder_close_contour
                0x8002e984      0x150 C:/devkitPro/portlibs/ppc/lib\libfreetype.a(psaux.o)
 .text.cff_builder_done
                0x8002ead4       0x3c C:/devkitPro/portlibs/ppc/lib\libfreetype.a(psaux.o)
 .text.cff_builder_add_point
                0x8002eb10       0x54 C:/devkitPro/portlibs/ppc/lib\libfreetype.a(psaux.o)
 .text.cff_builder_close_contour
                0x8002eb64      0x150 C:/devkitPro/portlibs/ppc/lib\libfreetype.a(psaux.o)
 .text.ps_builder_done
                0x8002ecb4       0x3c C:/devkitPro/portlibs/ppc/lib\libfreetype.a(psaux.o)
 .text.cff_random
                0x8002ecf0       0x1c C:/devkitPro/portlibs/ppc/lib\libfreetype.a(psaux.o)
 .text.t1_cmap_std_done
                0x8002ed0c       0x18 C:/devkitPro/portlibs/ppc/lib\libfreetype.a(psaux.o)
 .text.t1_cmap_standard_init
                0x8002ed24       0x34 C:/devkitPro/portlibs/ppc/lib\libfreetype.a(psaux.o)
 .text.t1_cmap_expert_init
                0x8002ed58       0x34 C:/devkitPro/portlibs/ppc/lib\libfreetype.a(psaux.o)
 .text.t1_cmap_custom_init
                0x8002ed8c       0x2c C:/devkitPro/portlibs/ppc/lib\libfreetype.a(psaux.o)
 .text.t1_cmap_custom_done
                0x8002edb8       0x14 C:/devkitPro/portlibs/ppc/lib\libfreetype.a(psaux.o)
 .text.t1_cmap_custom_char_index
                0x8002edcc       0x3c C:/devkitPro/portlibs/ppc/lib\libfreetype.a(psaux.o)
 .text.t1_cmap_custom_char_next
                0x8002ee08       0xd4 C:/devkitPro/portlibs/ppc/lib\libfreetype.a(psaux.o)
 .text.psaux_get_glyph_name
                0x8002eedc       0x10 C:/devkitPro/portlibs/ppc/lib\libfreetype.a(psaux.o)
 .text.t1_cmap_unicode_init
                0x8002eeec       0x3c C:/devkitPro/portlibs/ppc/lib\libfreetype.a(psaux.o)
 .text.t1_cmap_unicode_char_index
                0x8002ef28       0x14 C:/devkitPro/portlibs/ppc/lib\libfreetype.a(psaux.o)
 .text.t1_cmap_unicode_char_next
                0x8002ef3c       0x14 C:/devkitPro/portlibs/ppc/lib\libfreetype.a(psaux.o)
 .text.cf2_stack_popInt
                0x8002ef50       0x7c C:/devkitPro/portlibs/ppc/lib\libfreetype.a(psaux.o)
 .text.cf2_stack_popFixed
                0x8002efcc       0x74 C:/devkitPro/portlibs/ppc/lib\libfreetype.a(psaux.o)
 .text.cf2_stack_getReal
                0x8002f040       0x7c C:/devkitPro/portlibs/ppc/lib\libfreetype.a(psaux.o)
 .text.ps_table_release
                0x8002f0bc       0x8c C:/devkitPro/portlibs/ppc/lib\libfreetype.a(psaux.o)
 .text.afm_parser_done
                0x8002f148       0x3c C:/devkitPro/portlibs/ppc/lib\libfreetype.a(psaux.o)
 .text.t1_cmap_unicode_done
                0x8002f184       0x44 C:/devkitPro/portlibs/ppc/lib\libfreetype.a(psaux.o)
 .text.ps_table_realloc
                0x8002f1c8       0xd0 C:/devkitPro/portlibs/ppc/lib\libfreetype.a(psaux.o)
 .text.ps_table_done
                0x8002f298        0x8 C:/devkitPro/portlibs/ppc/lib\libfreetype.a(psaux.o)
 .text.ps_table_new
                0x8002f2a0      0x120 C:/devkitPro/portlibs/ppc/lib\libfreetype.a(psaux.o)
 .text.t1_builder_add_point
                0x8002f3c0       0xd0 C:/devkitPro/portlibs/ppc/lib\libfreetype.a(psaux.o)
 .text.cf2_arrstack_setNumElements
                0x8002f490      0x12c C:/devkitPro/portlibs/ppc/lib\libfreetype.a(psaux.o)
 .text.cf2_arrstack_push
                0x8002f5bc       0x84 C:/devkitPro/portlibs/ppc/lib\libfreetype.a(psaux.o)
 .text.cf2_doStems
                0x8002f640      0x164 C:/devkitPro/portlibs/ppc/lib\libfreetype.a(psaux.o)
 .text.PS_Conv_ToFixed
                0x8002f7a4      0x820 C:/devkitPro/portlibs/ppc/lib\libfreetype.a(psaux.o)
 .text.ps_tofixedarray
                0x8002ffc4      0x200 C:/devkitPro/portlibs/ppc/lib\libfreetype.a(psaux.o)
 .text.ps_parser_to_fixed_array
                0x800301c4       0x74 C:/devkitPro/portlibs/ppc/lib\libfreetype.a(psaux.o)
 .text.ps_parser_load_field
                0x80030238      0x74c C:/devkitPro/portlibs/ppc/lib\libfreetype.a(psaux.o)
 .text.ps_parser_load_field_table
                0x80030984      0x1c8 C:/devkitPro/portlibs/ppc/lib\libfreetype.a(psaux.o)
 .text.ps_parser_to_coord_array
                0x80030b4c      0x248 C:/devkitPro/portlibs/ppc/lib\libfreetype.a(psaux.o)
 .text.ps_parser_to_fixed
                0x80030d94       0x4c C:/devkitPro/portlibs/ppc/lib\libfreetype.a(psaux.o)
 .text.ps_builder_init
                0x80030de0      0x130 C:/devkitPro/portlibs/ppc/lib\libfreetype.a(psaux.o)
 .text.cf2_getSeacComponent
                0x80030f10      0x15c C:/devkitPro/portlibs/ppc/lib\libfreetype.a(psaux.o)
 .text.t1_make_subfont
                0x8003106c      0x3b8 C:/devkitPro/portlibs/ppc/lib\libfreetype.a(psaux.o)
 .text.ps_decoder_init
                0x80031424      0x168 C:/devkitPro/portlibs/ppc/lib\libfreetype.a(psaux.o)
 .text.t1_builder_add_contour
                0x8003158c       0xe4 C:/devkitPro/portlibs/ppc/lib\libfreetype.a(psaux.o)
 .text.cff_builder_add_contour
                0x80031670       0xd4 C:/devkitPro/portlibs/ppc/lib\libfreetype.a(psaux.o)
 .text.t1_builder_init
                0x80031744      0x130 C:/devkitPro/portlibs/ppc/lib\libfreetype.a(psaux.o)
 .text.cff_builder_init
                0x80031874      0x140 C:/devkitPro/portlibs/ppc/lib\libfreetype.a(psaux.o)
 .text.afm_parser_init
                0x800319b4       0x90 C:/devkitPro/portlibs/ppc/lib\libfreetype.a(psaux.o)
 .text.cf2_hintmap_map
                0x80031a44      0x1c0 C:/devkitPro/portlibs/ppc/lib\libfreetype.a(psaux.o)
 .text.cf2_glyphpath_hintPoint
                0x80031c04       0xf0 C:/devkitPro/portlibs/ppc/lib\libfreetype.a(psaux.o)
 .text.cf2_hintmap_insertHint
                0x80031cf4      0x564 C:/devkitPro/portlibs/ppc/lib\libfreetype.a(psaux.o)
 .text.cf2_glyphpath_computeOffset
                0x80032258      0x228 C:/devkitPro/portlibs/ppc/lib\libfreetype.a(psaux.o)
 .text.t1_decoder_parse_metrics
                0x80032480      0x3c4 C:/devkitPro/portlibs/ppc/lib\libfreetype.a(psaux.o)
 .text.t1_lookup_glyph_by_stdcharcode_ps
                0x80032844       0xec C:/devkitPro/portlibs/ppc/lib\libfreetype.a(psaux.o)
 .text.t1_cmap_std_char_index
                0x80032930       0xec C:/devkitPro/portlibs/ppc/lib\libfreetype.a(psaux.o)
 .text.t1_cmap_std_char_next
                0x80032a1c       0xd4 C:/devkitPro/portlibs/ppc/lib\libfreetype.a(psaux.o)
 .text.t1_decoder_init
                0x80032af0      0x140 C:/devkitPro/portlibs/ppc/lib\libfreetype.a(psaux.o)
 .text.afm_tokenize
                0x80032c30      0x134 C:/devkitPro/portlibs/ppc/lib\libfreetype.a(psaux.o)
 .text.cff_decoder_prepare
                0x80032d64      0x174 C:/devkitPro/portlibs/ppc/lib\libfreetype.a(psaux.o)
 .text.cf2_free_instance
                0x80032ed8       0x58 C:/devkitPro/portlibs/ppc/lib\libfreetype.a(psaux.o)
 .text.ps_table_add
                0x80032f30      0x160 C:/devkitPro/portlibs/ppc/lib\libfreetype.a(psaux.o)
 .text.cf2_glyphpath_pushPrevElem
                0x80033090      0x5b4 C:/devkitPro/portlibs/ppc/lib\libfreetype.a(psaux.o)
 .text.cf2_computeDarkening.part.0.constprop.0
                0x80033644      0x26c C:/devkitPro/portlibs/ppc/lib\libfreetype.a(psaux.o)
 .text.ps_builder_add_contour.constprop.0
                0x800338b0       0xe4 C:/devkitPro/portlibs/ppc/lib\libfreetype.a(psaux.o)
 .text.cff_check_points
                0x80033994       0x38 C:/devkitPro/portlibs/ppc/lib\libfreetype.a(psaux.o)
 .text.ps_builder_check_points.part.0.isra.0
                0x800339cc       0x2c C:/devkitPro/portlibs/ppc/lib\libfreetype.a(psaux.o)
 .text.t1_builder_check_points
                0x800339f8       0x38 C:/devkitPro/portlibs/ppc/lib\libfreetype.a(psaux.o)
 .text.cf2_stack_pushFixed
                0x80033a30       0x58 C:/devkitPro/portlibs/ppc/lib\libfreetype.a(psaux.o)
 .text.afm_stream_skip_spaces.part.0.isra.0
                0x80033a88       0xf0 C:/devkitPro/portlibs/ppc/lib\libfreetype.a(psaux.o)
 .text.cf2_freeT1SeacComponent.isra.0
                0x80033b78       0x50 C:/devkitPro/portlibs/ppc/lib\libfreetype.a(psaux.o)
 .text.cf2_getT1SeacComponent.isra.0
                0x80033bc8       0xa8 C:/devkitPro/portlibs/ppc/lib\libfreetype.a(psaux.o)
 .text.ps_builder_close_contour.isra.0
                0x80033c70      0x14c C:/devkitPro/portlibs/ppc/lib\libfreetype.a(psaux.o)
 .text.cf2_builder_moveTo
                0x80033dbc       0x38 C:/devkitPro/portlibs/ppc/lib\libfreetype.a(psaux.o)
 .text.t1_decrypt
                0x80033df4       0x54 C:/devkitPro/portlibs/ppc/lib\libfreetype.a(psaux.o)
 .text.afm_stream_read_one
                0x80033e48      0x124 C:/devkitPro/portlibs/ppc/lib\libfreetype.a(psaux.o)
 .text.cff_decoder_init
                0x80033f6c      0x100 C:/devkitPro/portlibs/ppc/lib\libfreetype.a(psaux.o)
 .text.afm_stream_read_string
                0x8003406c       0xb4 C:/devkitPro/portlibs/ppc/lib\libfreetype.a(psaux.o)
 .text.afm_parser_read_vals
                0x80034120      0x204 C:/devkitPro/portlibs/ppc/lib\libfreetype.a(psaux.o)
 .text.afm_parser_next_key.constprop.0.isra.0
                0x80034324       0x9c C:/devkitPro/portlibs/ppc/lib\libfreetype.a(psaux.o)
 .text.t1_builder_add_point1
                0x800343c0       0x9c C:/devkitPro/portlibs/ppc/lib\libfreetype.a(psaux.o)
 .text.t1_builder_start_point
                0x8003445c       0x88 C:/devkitPro/portlibs/ppc/lib\libfreetype.a(psaux.o)
 .text.cf2_stack_setReal
                0x800344e4       0x54 C:/devkitPro/portlibs/ppc/lib\libfreetype.a(psaux.o)
 .text.cf2_stack_pushInt
                0x80034538       0x58 C:/devkitPro/portlibs/ppc/lib\libfreetype.a(psaux.o)
 .text.t1_decoder_done
                0x80034590       0x9c C:/devkitPro/portlibs/ppc/lib\libfreetype.a(psaux.o)
 .text.cf2_hintmask_read
                0x8003462c       0xd0 C:/devkitPro/portlibs/ppc/lib\libfreetype.a(psaux.o)
 .text.cff_builder_add_point1
                0x800346fc      0x11c C:/devkitPro/portlibs/ppc/lib\libfreetype.a(psaux.o)
 .text.cff_builder_start_point
                0x80034818       0x70 C:/devkitPro/portlibs/ppc/lib\libfreetype.a(psaux.o)
 .text.cf2_hint_init
                0x80034888      0x230 C:/devkitPro/portlibs/ppc/lib\libfreetype.a(psaux.o)
 .text.cf2_hintmap_build
                0x80034ab8      0xbb4 C:/devkitPro/portlibs/ppc/lib\libfreetype.a(psaux.o)
 .text.cf2_glyphpath_pushMove
                0x8003566c      0x1a8 C:/devkitPro/portlibs/ppc/lib\libfreetype.a(psaux.o)
 .text.cf2_glyphpath_lineTo
                0x80035814      0x1cc C:/devkitPro/portlibs/ppc/lib\libfreetype.a(psaux.o)
 .text.cf2_glyphpath_curveTo
                0x800359e0      0x2a4 C:/devkitPro/portlibs/ppc/lib\libfreetype.a(psaux.o)
 .text.cf2_doFlex
                0x80035c84      0x23c C:/devkitPro/portlibs/ppc/lib\libfreetype.a(psaux.o)
 .text.cf2_builder_cubeTo
                0x80035ec0      0x2d0 C:/devkitPro/portlibs/ppc/lib\libfreetype.a(psaux.o)
 .text.cf2_builder_lineTo
                0x80036190      0x238 C:/devkitPro/portlibs/ppc/lib\libfreetype.a(psaux.o)
 .text.afm_parser_parse
                0x800363c8      0x714 C:/devkitPro/portlibs/ppc/lib\libfreetype.a(psaux.o)
 .text.cf2_interpT2CharString
                0x80036adc     0x3a00 C:/devkitPro/portlibs/ppc/lib\libfreetype.a(psaux.o)
 .text.cf2_decoder_parse_charstrings
                0x8003a4dc      0xd54 C:/devkitPro/portlibs/ppc/lib\libfreetype.a(psaux.o)
 .text.psh_hint_table_record
                0x8003b230       0x9c C:/devkitPro/portlibs/ppc/lib\libfreetype.a(pshinter.o)
 .text.pshinter_get_globals_funcs
                0x8003b2cc        0x8 C:/devkitPro/portlibs/ppc/lib\libfreetype.a(pshinter.o)
 .text.pshinter_get_t1_funcs
                0x8003b2d4        0x8 C:/devkitPro/portlibs/ppc/lib\libfreetype.a(pshinter.o)
 .text.pshinter_get_t2_funcs
                0x8003b2dc        0x8 C:/devkitPro/portlibs/ppc/lib\libfreetype.a(pshinter.o)
 .text.t1_hints_open
                0x8003b2e4       0x2c C:/devkitPro/portlibs/ppc/lib\libfreetype.a(pshinter.o)
 .text.t2_hints_open
                0x8003b310       0x2c C:/devkitPro/portlibs/ppc/lib\libfreetype.a(pshinter.o)
 .text.psh_globals_scale_widths
                0x8003b33c       0xf8 C:/devkitPro/portlibs/ppc/lib\libfreetype.a(pshinter.o)
 .text.psh_globals_set_scale
                0x8003b434      0x2f8 C:/devkitPro/portlibs/ppc/lib\libfreetype.a(pshinter.o)
 .text.ps_hinter_init
                0x8003b72c      0x114 C:/devkitPro/portlibs/ppc/lib\libfreetype.a(pshinter.o)
 .text.ps_mask_table_done
                0x8003b840       0xa8 C:/devkitPro/portlibs/ppc/lib\libfreetype.a(pshinter.o)
 .text.ps_mask_table_alloc
                0x8003b8e8      0x12c C:/devkitPro/portlibs/ppc/lib\libfreetype.a(pshinter.o)
 .text.ps_mask_ensure
                0x8003ba14       0xb4 C:/devkitPro/portlibs/ppc/lib\libfreetype.a(pshinter.o)
 .text.psh_globals_destroy
                0x8003bac8       0x2c C:/devkitPro/portlibs/ppc/lib\libfreetype.a(pshinter.o)
 .text.psh_hint_align
                0x8003baf4      0x588 C:/devkitPro/portlibs/ppc/lib\libfreetype.a(pshinter.o)
 .text.ps_mask_table_merge_all
                0x8003c07c      0x2f4 C:/devkitPro/portlibs/ppc/lib\libfreetype.a(pshinter.o)
 .text.psh_blues_set_zones_0.isra.0
                0x8003c370      0x200 C:/devkitPro/portlibs/ppc/lib\libfreetype.a(pshinter.o)
 .text.psh_blues_set_zones
                0x8003c570      0x230 C:/devkitPro/portlibs/ppc/lib\libfreetype.a(pshinter.o)
 .text.psh_hint_table_find_strong_points.isra.0
                0x8003c7a0      0x288 C:/devkitPro/portlibs/ppc/lib\libfreetype.a(pshinter.o)
 .text.psh_hint_table_init.isra.0
                0x8003ca28      0x2d0 C:/devkitPro/portlibs/ppc/lib\libfreetype.a(pshinter.o)
 .text.psh_hint_table_activate_mask.isra.0
                0x8003ccf8      0x250 C:/devkitPro/portlibs/ppc/lib\libfreetype.a(pshinter.o)
 .text.ps_hints_close.part.0
                0x8003cf48       0xb4 C:/devkitPro/portlibs/ppc/lib\libfreetype.a(pshinter.o)
 .text.t1_hints_close
                0x8003cffc       0x18 C:/devkitPro/portlibs/ppc/lib\libfreetype.a(pshinter.o)
 .text.ps_hinter_done
                0x8003d014       0xb0 C:/devkitPro/portlibs/ppc/lib\libfreetype.a(pshinter.o)
 .text.t2_hints_close
                0x8003d0c4       0x18 C:/devkitPro/portlibs/ppc/lib\libfreetype.a(pshinter.o)
 .text.ps_dimension_set_mask_bits
                0x8003d0dc      0x188 C:/devkitPro/portlibs/ppc/lib\libfreetype.a(pshinter.o)
 .text.ps_hints_t2counter
                0x8003d264       0xd8 C:/devkitPro/portlibs/ppc/lib\libfreetype.a(pshinter.o)
 .text.ps_hints_t2mask
                0x8003d33c       0xc4 C:/devkitPro/portlibs/ppc/lib\libfreetype.a(pshinter.o)
 .text.ps_hints_apply.part.0
                0x8003d400     0x14b0 C:/devkitPro/portlibs/ppc/lib\libfreetype.a(pshinter.o)
 .text.t1_hints_apply
                0x8003e8b0       0x24 C:/devkitPro/portlibs/ppc/lib\libfreetype.a(pshinter.o)
 .text.t2_hints_apply
                0x8003e8d4       0x24 C:/devkitPro/portlibs/ppc/lib\libfreetype.a(pshinter.o)
 .text.ps_hints_t1reset
                0x8003e8f8       0xf4 C:/devkitPro/portlibs/ppc/lib\libfreetype.a(pshinter.o)
 .text.psh_globals_new
                0x8003e9ec      0x334 C:/devkitPro/portlibs/ppc/lib\libfreetype.a(pshinter.o)
 .text.ps_dimension_add_t1stem
                0x8003ed20      0x2d0 C:/devkitPro/portlibs/ppc/lib\libfreetype.a(pshinter.o)
 .text.t1_hints_stem
                0x8003eff0       0xa8 C:/devkitPro/portlibs/ppc/lib\libfreetype.a(pshinter.o)
 .text.t2_hints_stems
                0x8003f098      0x1c8 C:/devkitPro/portlibs/ppc/lib\libfreetype.a(pshinter.o)
 .text.ps_hints_t1stem3
                0x8003f260      0x35c C:/devkitPro/portlibs/ppc/lib\libfreetype.a(pshinter.o)
 .text.ps_unicode_value
                0x8003f5bc      0x26c C:/devkitPro/portlibs/ppc/lib\libfreetype.a(psnames.o)
 .text.compare_uni_maps
                0x8003f828       0x40 C:/devkitPro/portlibs/ppc/lib\libfreetype.a(psnames.o)
 .text.ps_unicodes_char_index
                0x8003f868       0xb4 C:/devkitPro/portlibs/ppc/lib\libfreetype.a(psnames.o)
 .text.ps_unicodes_char_next
                0x8003f91c       0xdc C:/devkitPro/portlibs/ppc/lib\libfreetype.a(psnames.o)
 .text.ps_get_macintosh_name
                0x8003f9f8       0x3c C:/devkitPro/portlibs/ppc/lib\libfreetype.a(psnames.o)
 .text.ps_get_standard_strings
                0x8003fa34       0x30 C:/devkitPro/portlibs/ppc/lib\libfreetype.a(psnames.o)
 .text.psnames_get_service
                0x8003fa64        0xc C:/devkitPro/portlibs/ppc/lib\libfreetype.a(psnames.o)
 .text.ps_unicodes_init
                0x8003fa70      0x384 C:/devkitPro/portlibs/ppc/lib\libfreetype.a(psnames.o)
 .text.New_Profile
                0x8003fdf4      0x128 C:/devkitPro/portlibs/ppc/lib\libfreetype.a(raster.o)
 .text.End_Profile
                0x8003ff1c      0x23c C:/devkitPro/portlibs/ppc/lib\libfreetype.a(raster.o)
 .text.Split_Conic
                0x80040158       0x6c C:/devkitPro/portlibs/ppc/lib\libfreetype.a(raster.o)
 .text.Split_Cubic
                0x800401c4       0xac C:/devkitPro/portlibs/ppc/lib\libfreetype.a(raster.o)
 .text.Bezier_Up
                0x80040270      0x20c C:/devkitPro/portlibs/ppc/lib\libfreetype.a(raster.o)
 .text.Cubic_To
                0x8004047c      0x28c C:/devkitPro/portlibs/ppc/lib\libfreetype.a(raster.o)
 .text.Increment
                0x80040708       0xd0 C:/devkitPro/portlibs/ppc/lib\libfreetype.a(raster.o)
 .text.Vertical_Sweep_Init
                0x800407d8       0x18 C:/devkitPro/portlibs/ppc/lib\libfreetype.a(raster.o)
 .text.Vertical_Sweep_Span
                0x800407f0      0x138 C:/devkitPro/portlibs/ppc/lib\libfreetype.a(raster.o)
 .text.Vertical_Sweep_Drop
                0x80040928       0x8c C:/devkitPro/portlibs/ppc/lib\libfreetype.a(raster.o)
 .text.Vertical_Sweep_Step
                0x800409b4       0x14 C:/devkitPro/portlibs/ppc/lib\libfreetype.a(raster.o)
 .text.Horizontal_Sweep_Init
                0x800409c8        0x4 C:/devkitPro/portlibs/ppc/lib\libfreetype.a(raster.o)
 .text.Horizontal_Sweep_Span
                0x800409cc       0xc0 C:/devkitPro/portlibs/ppc/lib\libfreetype.a(raster.o)
 .text.Horizontal_Sweep_Drop
                0x80040a8c       0xa4 C:/devkitPro/portlibs/ppc/lib\libfreetype.a(raster.o)
 .text.Horizontal_Sweep_Step
                0x80040b30        0x4 C:/devkitPro/portlibs/ppc/lib\libfreetype.a(raster.o)
 .text.ft_black_reset
                0x80040b34        0x4 C:/devkitPro/portlibs/ppc/lib\libfreetype.a(raster.o)
 .text.ft_black_set_mode
                0x80040b38        0x8 C:/devkitPro/portlibs/ppc/lib\libfreetype.a(raster.o)
 .text.ft_raster1_init
                0x80040b40       0x40 C:/devkitPro/portlibs/ppc/lib\libfreetype.a(raster.o)
 .text.ft_raster1_set_mode
                0x80040b80       0x18 C:/devkitPro/portlibs/ppc/lib\libfreetype.a(raster.o)
 .text.ft_black_done
                0x80040b98        0xc C:/devkitPro/portlibs/ppc/lib\libfreetype.a(raster.o)
 .text.Line_Up  0x80040ba4      0x25c C:/devkitPro/portlibs/ppc/lib\libfreetype.a(raster.o)
 .text.Line_To  0x80040e00      0x140 C:/devkitPro/portlibs/ppc/lib\libfreetype.a(raster.o)
 .text.ft_black_new
                0x80040f40       0x58 C:/devkitPro/portlibs/ppc/lib\libfreetype.a(raster.o)
 .text.ft_raster1_get_cbox
                0x80040f98       0x34 C:/devkitPro/portlibs/ppc/lib\libfreetype.a(raster.o)
 .text.ft_raster1_render
                0x80040fcc      0x388 C:/devkitPro/portlibs/ppc/lib\libfreetype.a(raster.o)
 .text.ft_raster1_transform
                0x80041354       0x78 C:/devkitPro/portlibs/ppc/lib\libfreetype.a(raster.o)
 .text.Conic_To
                0x800413cc      0x250 C:/devkitPro/portlibs/ppc/lib\libfreetype.a(raster.o)
 .text.Render_Single_Pass.constprop.0
                0x8004161c      0x9ac C:/devkitPro/portlibs/ppc/lib\libfreetype.a(raster.o)
 .text.Render_Glyph
                0x80041fc8      0x154 C:/devkitPro/portlibs/ppc/lib\libfreetype.a(raster.o)
 .text.ft_black_render
                0x8004211c      0x138 C:/devkitPro/portlibs/ppc/lib\libfreetype.a(raster.o)
 .text.ft_sdf_init
                0x80042254       0x20 C:/devkitPro/portlibs/ppc/lib\libfreetype.a(sdf.o)
 .text.ft_sdf_done
                0x80042274        0x4 C:/devkitPro/portlibs/ppc/lib\libfreetype.a(sdf.o)
 .text.ft_sdf_set_mode
                0x80042278       0x18 C:/devkitPro/portlibs/ppc/lib\libfreetype.a(sdf.o)
 .text.bsdf_raster_reset
                0x80042290        0x4 C:/devkitPro/portlibs/ppc/lib\libfreetype.a(sdf.o)
 .text.bsdf_raster_set_mode
                0x80042294        0x8 C:/devkitPro/portlibs/ppc/lib\libfreetype.a(sdf.o)
 .text.ft_sdf_get_cbox
                0x8004229c       0x34 C:/devkitPro/portlibs/ppc/lib\libfreetype.a(sdf.o)
 .text.bsdf_raster_done
                0x800422d0        0xc C:/devkitPro/portlibs/ppc/lib\libfreetype.a(sdf.o)
 .text.sdf_raster_done
                0x800422dc        0xc C:/devkitPro/portlibs/ppc/lib\libfreetype.a(sdf.o)
 .text.ft_sdf_render
                0x800422e8      0x350 C:/devkitPro/portlibs/ppc/lib\libfreetype.a(sdf.o)
 .text.ft_sdf_requester
                0x80042638        0xc C:/devkitPro/portlibs/ppc/lib\libfreetype.a(sdf.o)
 .text.sdf_property_get
                0x80042644       0xd4 C:/devkitPro/portlibs/ppc/lib\libfreetype.a(sdf.o)
 .text.sdf_property_set
                0x80042718      0x100 C:/devkitPro/portlibs/ppc/lib\libfreetype.a(sdf.o)
 .text.ft_bsdf_render
                0x80042818      0x27c C:/devkitPro/portlibs/ppc/lib\libfreetype.a(sdf.o)
 .text.compare_neighbor
                0x80042a94       0x90 C:/devkitPro/portlibs/ppc/lib\libfreetype.a(sdf.o)
 .text.bsdf_raster_new
                0x80042b24       0x58 C:/devkitPro/portlibs/ppc/lib\libfreetype.a(sdf.o)
 .text.sdf_raster_new
                0x80042b7c       0x58 C:/devkitPro/portlibs/ppc/lib\libfreetype.a(sdf.o)
 .text.ft_sdf_transform
                0x80042bd4       0x78 C:/devkitPro/portlibs/ppc/lib\libfreetype.a(sdf.o)
 .text.sdf_contour_done
                0x80042c4c       0x80 C:/devkitPro/portlibs/ppc/lib\libfreetype.a(sdf.o)
 .text.sdf_raster_set_mode
                0x80042ccc        0x8 C:/devkitPro/portlibs/ppc/lib\libfreetype.a(sdf.o)
 .text.sdf_raster_reset
                0x80042cd4        0x4 C:/devkitPro/portlibs/ppc/lib\libfreetype.a(sdf.o)
 .text.sdf_generate_bounding_box.isra.0
                0x80042cd8     0x1104 C:/devkitPro/portlibs/ppc/lib\libfreetype.a(sdf.o)
 .text.bsdf_raster_render
                0x80043ddc     0x10dc C:/devkitPro/portlibs/ppc/lib\libfreetype.a(sdf.o)
 .text.sdf_move_to
                0x80044eb8       0xd0 C:/devkitPro/portlibs/ppc/lib\libfreetype.a(sdf.o)
 .text.sdf_line_to
                0x80044f88      0x12c C:/devkitPro/portlibs/ppc/lib\libfreetype.a(sdf.o)
 .text.sdf_cubic_to
                0x800450b4      0x170 C:/devkitPro/portlibs/ppc/lib\libfreetype.a(sdf.o)
 .text.sdf_conic_to
                0x80045224      0x198 C:/devkitPro/portlibs/ppc/lib\libfreetype.a(sdf.o)
 .text.split_sdf_conic
                0x800453bc      0x25c C:/devkitPro/portlibs/ppc/lib\libfreetype.a(sdf.o)
 .text.split_sdf_cubic
                0x80045618      0x34c C:/devkitPro/portlibs/ppc/lib\libfreetype.a(sdf.o)
 .text.split_sdf_shape
                0x80045964      0x2c0 C:/devkitPro/portlibs/ppc/lib\libfreetype.a(sdf.o)
 .text.sdf_raster_render
                0x80045c24      0xa20 C:/devkitPro/portlibs/ppc/lib\libfreetype.a(sdf.o)
 .text.get_sfnt_table
                0x80046644       0x9c C:/devkitPro/portlibs/ppc/lib\libfreetype.a(sfnt.o)
 .text.sfnt_table_info
                0x800466e0       0x6c C:/devkitPro/portlibs/ppc/lib\libfreetype.a(sfnt.o)
 .text.sfnt_is_postscript
                0x8004674c       0x34 C:/devkitPro/portlibs/ppc/lib\libfreetype.a(sfnt.o)
 .text.sfnt_is_alphanumeric
                0x80046780       0x2c C:/devkitPro/portlibs/ppc/lib\libfreetype.a(sfnt.o)
 .text.sfnt_get_name_id
                0x800467ac       0xec C:/devkitPro/portlibs/ppc/lib\libfreetype.a(sfnt.o)
 .text.compare_offsets
                0x80046898       0x2c C:/devkitPro/portlibs/ppc/lib\libfreetype.a(sfnt.o)
 .text.tt_cmap_init
                0x800468c4        0xc C:/devkitPro/portlibs/ppc/lib\libfreetype.a(sfnt.o)
 .text.tt_cmap0_char_index
                0x800468d0       0x20 C:/devkitPro/portlibs/ppc/lib\libfreetype.a(sfnt.o)
 .text.tt_cmap0_char_next
                0x800468f0       0x8c C:/devkitPro/portlibs/ppc/lib\libfreetype.a(sfnt.o)
 .text.tt_cmap0_get_info
                0x8004697c       0x1c C:/devkitPro/portlibs/ppc/lib\libfreetype.a(sfnt.o)
 .text.tt_cmap2_char_next
                0x80046998      0x248 C:/devkitPro/portlibs/ppc/lib\libfreetype.a(sfnt.o)
 .text.tt_cmap2_get_info
                0x80046be0       0x1c C:/devkitPro/portlibs/ppc/lib\libfreetype.a(sfnt.o)
 .text.tt_cmap4_init
                0x80046bfc       0x2c C:/devkitPro/portlibs/ppc/lib\libfreetype.a(sfnt.o)
 .text.tt_cmap4_set_range
                0x80046c28      0x148 C:/devkitPro/portlibs/ppc/lib\libfreetype.a(sfnt.o)
 .text.tt_cmap4_next
                0x80046d70      0x1b0 C:/devkitPro/portlibs/ppc/lib\libfreetype.a(sfnt.o)
 .text.tt_cmap4_char_map_linear
                0x80046f20      0x30c C:/devkitPro/portlibs/ppc/lib\libfreetype.a(sfnt.o)
 .text.tt_cmap4_char_map_binary
                0x8004722c      0x92c C:/devkitPro/portlibs/ppc/lib\libfreetype.a(sfnt.o)
 .text.tt_cmap4_char_index
                0x80047b58       0x60 C:/devkitPro/portlibs/ppc/lib\libfreetype.a(sfnt.o)
 .text.tt_cmap4_char_next
                0x80047bb8       0x80 C:/devkitPro/portlibs/ppc/lib\libfreetype.a(sfnt.o)
 .text.tt_cmap4_get_info
                0x80047c38       0x1c C:/devkitPro/portlibs/ppc/lib\libfreetype.a(sfnt.o)
 .text.tt_cmap6_char_index
                0x80047c54       0x30 C:/devkitPro/portlibs/ppc/lib\libfreetype.a(sfnt.o)
 .text.tt_cmap6_char_next
                0x80047c84       0xa4 C:/devkitPro/portlibs/ppc/lib\libfreetype.a(sfnt.o)
 .text.tt_cmap6_get_info
                0x80047d28       0x1c C:/devkitPro/portlibs/ppc/lib\libfreetype.a(sfnt.o)
 .text.tt_cmap8_char_index
                0x80047d44       0xc4 C:/devkitPro/portlibs/ppc/lib\libfreetype.a(sfnt.o)
 .text.tt_cmap8_char_next
                0x80047e08       0xd8 C:/devkitPro/portlibs/ppc/lib\libfreetype.a(sfnt.o)
 .text.tt_cmap8_get_info
                0x80047ee0       0x1c C:/devkitPro/portlibs/ppc/lib\libfreetype.a(sfnt.o)
 .text.tt_cmap10_char_index
                0x80047efc       0x3c C:/devkitPro/portlibs/ppc/lib\libfreetype.a(sfnt.o)
 .text.tt_cmap10_char_next
                0x80047f38       0x94 C:/devkitPro/portlibs/ppc/lib\libfreetype.a(sfnt.o)
 .text.tt_cmap10_get_info
                0x80047fcc       0x1c C:/devkitPro/portlibs/ppc/lib\libfreetype.a(sfnt.o)
 .text.tt_cmap12_init
                0x80047fe8       0x20 C:/devkitPro/portlibs/ppc/lib\libfreetype.a(sfnt.o)
 .text.tt_cmap12_next
                0x80048008       0xc4 C:/devkitPro/portlibs/ppc/lib\libfreetype.a(sfnt.o)
 .text.tt_cmap12_char_map_binary
                0x800480cc      0x17c C:/devkitPro/portlibs/ppc/lib\libfreetype.a(sfnt.o)
 .text.tt_cmap12_char_index
                0x80048248       0x2c C:/devkitPro/portlibs/ppc/lib\libfreetype.a(sfnt.o)
 .text.tt_cmap12_get_info
                0x80048274       0x1c C:/devkitPro/portlibs/ppc/lib\libfreetype.a(sfnt.o)
 .text.tt_cmap13_init
                0x80048290       0x20 C:/devkitPro/portlibs/ppc/lib\libfreetype.a(sfnt.o)
 .text.tt_cmap13_next
                0x800482b0       0x8c C:/devkitPro/portlibs/ppc/lib\libfreetype.a(sfnt.o)
 .text.tt_cmap13_char_map_binary
                0x8004833c      0x154 C:/devkitPro/portlibs/ppc/lib\libfreetype.a(sfnt.o)
 .text.tt_cmap13_char_index
                0x80048490       0x2c C:/devkitPro/portlibs/ppc/lib\libfreetype.a(sfnt.o)
 .text.tt_cmap13_get_info
                0x800484bc       0x1c C:/devkitPro/portlibs/ppc/lib\libfreetype.a(sfnt.o)
 .text.tt_cmap14_init
                0x800484d8       0x24 C:/devkitPro/portlibs/ppc/lib\libfreetype.a(sfnt.o)
 .text.tt_cmap14_char_index
                0x800484fc        0x8 C:/devkitPro/portlibs/ppc/lib\libfreetype.a(sfnt.o)
 .text.tt_cmap14_char_next
                0x80048504       0x10 C:/devkitPro/portlibs/ppc/lib\libfreetype.a(sfnt.o)
 .text.tt_cmap14_get_info
                0x80048514       0x18 C:/devkitPro/portlibs/ppc/lib\libfreetype.a(sfnt.o)
 .text.tt_cmap14_char_map_def_binary
                0x8004852c       0x74 C:/devkitPro/portlibs/ppc/lib\libfreetype.a(sfnt.o)
 .text.tt_cmap14_char_map_nondef_binary
                0x800485a0       0x6c C:/devkitPro/portlibs/ppc/lib\libfreetype.a(sfnt.o)
 .text.tt_cmap14_find_variant
                0x8004860c       0x6c C:/devkitPro/portlibs/ppc/lib\libfreetype.a(sfnt.o)
 .text.tt_cmap14_char_var_index
                0x80048678       0xe4 C:/devkitPro/portlibs/ppc/lib\libfreetype.a(sfnt.o)